Component: ARM Compiler 5.06 update 7 (build 960) Tool: armlink [4d3601]

==============================================================================

Section Cross References

    startup_stm32f411xe.o(STACK) refers (Special) to heapauxi.o(.text) for __use_two_region_memory
    startup_stm32f411xe.o(HEAP) refers (Special) to heapauxi.o(.text) for __use_two_region_memory
    startup_stm32f411xe.o(RESET) refers (Special) to heapauxi.o(.text) for __use_two_region_memory
    startup_stm32f411xe.o(RESET) refers to startup_stm32f411xe.o(STACK) for __initial_sp
    startup_stm32f411xe.o(RESET) refers to startup_stm32f411xe.o(.text) for Reset_Handler
    startup_stm32f411xe.o(RESET) refers to stm32f4xx_it.o(i.NMI_Handler) for NMI_Handler
    startup_stm32f411xe.o(RESET) refers to stm32f4xx_it.o(i.HardFault_Handler) for HardFault_Handler
    startup_stm32f411xe.o(RESET) refers to stm32f4xx_it.o(i.MemManage_Handler) for MemManage_Handler
    startup_stm32f411xe.o(RESET) refers to stm32f4xx_it.o(i.BusFault_Handler) for BusFault_Handler
    startup_stm32f411xe.o(RESET) refers to stm32f4xx_it.o(i.UsageFault_Handler) for UsageFault_Handler
    startup_stm32f411xe.o(RESET) refers to port.o(.emb_text) for SVC_Handler
    startup_stm32f411xe.o(RESET) refers to stm32f4xx_it.o(i.DebugMon_Handler) for DebugMon_Handler
    startup_stm32f411xe.o(RESET) refers to port.o(i.SysTick_Handler) for SysTick_Handler
    startup_stm32f411xe.o(RESET) refers to stm32f4xx_it.o(i.DMA1_Stream5_IRQHandler) for DMA1_Stream5_IRQHandler
    startup_stm32f411xe.o(RESET) refers to stm32f4xx_it.o(i.TIM1_UP_TIM10_IRQHandler) for TIM1_UP_TIM10_IRQHandler
    startup_stm32f411xe.o(RESET) refers to stm32f4xx_it.o(i.USART1_IRQHandler) for USART1_IRQHandler
    startup_stm32f411xe.o(RESET) refers to stm32f4xx_it.o(i.USART2_IRQHandler) for USART2_IRQHandler
    startup_stm32f411xe.o(RESET) refers to stm32f4xx_it.o(i.DMA2_Stream1_IRQHandler) for DMA2_Stream1_IRQHandler
    startup_stm32f411xe.o(RESET) refers to stm32f4xx_it.o(i.DMA2_Stream2_IRQHandler) for DMA2_Stream2_IRQHandler
    startup_stm32f411xe.o(RESET) refers to stm32f4xx_it.o(i.USART6_IRQHandler) for USART6_IRQHandler
    startup_stm32f411xe.o(.text) refers (Special) to heapauxi.o(.text) for __use_two_region_memory
    startup_stm32f411xe.o(.text) refers to system_stm32f4xx.o(i.SystemInit) for SystemInit
    startup_stm32f411xe.o(.text) refers to __main.o(!!!main) for __main
    startup_stm32f411xe.o(.text) refers to startup_stm32f411xe.o(HEAP) for Heap_Mem
    startup_stm32f411xe.o(.text) refers to startup_stm32f411xe.o(STACK) for Stack_Mem
    main.o(i.HAL_TIM_PeriodElapsedCallback) refers to stm32f4xx_hal.o(i.HAL_IncTick) for HAL_IncTick
    main.o(i.SystemClock_Config) refers to rt_memclr_w.o(.text) for __aeabi_memclr4
    main.o(i.SystemClock_Config) refers to stm32f4xx_hal_rcc.o(i.HAL_RCC_OscConfig) for HAL_RCC_OscConfig
    main.o(i.SystemClock_Config) refers to stm32f4xx_hal_rcc.o(i.HAL_RCC_ClockConfig) for HAL_RCC_ClockConfig
    main.o(i.main) refers to stm32f4xx_hal.o(i.HAL_Init) for HAL_Init
    main.o(i.main) refers to main.o(i.SystemClock_Config) for SystemClock_Config
    main.o(i.main) refers to gpio.o(i.MX_GPIO_Init) for MX_GPIO_Init
    main.o(i.main) refers to dma.o(i.MX_DMA_Init) for MX_DMA_Init
    main.o(i.main) refers to usart.o(i.MX_USART1_UART_Init) for MX_USART1_UART_Init
    main.o(i.main) refers to usart.o(i.MX_USART2_UART_Init) for MX_USART2_UART_Init
    main.o(i.main) refers to usart.o(i.MX_USART6_UART_Init) for MX_USART6_UART_Init
    main.o(i.main) refers to freertos.o(i.MX_FREERTOS_Init) for MX_FREERTOS_Init
    main.o(i.main) refers to cmsis_os.o(i.osKernelStart) for osKernelStart
    gpio.o(i.MX_GPIO_Init) refers to rt_memclr_w.o(.text) for __aeabi_memclr4
    gpio.o(i.MX_GPIO_Init) refers to stm32f4xx_hal_gpio.o(i.HAL_GPIO_WritePin) for HAL_GPIO_WritePin
    gpio.o(i.MX_GPIO_Init) refers to stm32f4xx_hal_gpio.o(i.HAL_GPIO_Init) for HAL_GPIO_Init
    freertos.o(i.MX_FREERTOS_Init) refers to rt_memcpy_w.o(.text) for __aeabi_memcpy4
    freertos.o(i.MX_FREERTOS_Init) refers to cmsis_os.o(i.osThreadCreate) for osThreadCreate
    freertos.o(i.MX_FREERTOS_Init) refers to freertos.o(.constdata) for .constdata
    freertos.o(i.MX_FREERTOS_Init) refers to freertos.o(.data) for .data
    freertos.o(i.StartDefaultTask) refers to cmsis_os.o(i.osDelay) for osDelay
    freertos.o(i.vApplicationGetIdleTaskMemory) refers to freertos.o(.bss) for .bss
    freertos.o(.constdata) refers to freertos.o(.conststring) for .conststring
    freertos.o(.constdata) refers to freertos.o(i.StartDefaultTask) for StartDefaultTask
    freertos.o(.constdata) refers to message_task.o(i.StartMessageTask) for StartMessageTask
    freertos.o(.constdata) refers to ins_task.o(i.StartInsTask) for StartInsTask
    freertos.o(.constdata) refers to motor_task.o(i.StartMotorTask) for StartMotorTask
[...]
    ../clib/memcpset.s                       0x00000000   Number         0  rt_memclr_w.o ABSOLUTE
    ../clib/memcpset.s                       0x00000000   Number         0  rt_memclr.o ABSOLUTE
    ../clib/memcpset.s                       0x00000000   Number         0  memset.o ABSOLUTE
    ../clib/memcpset.s                       0x00000000   Number         0  rt_memcpy_v6.o ABSOLUTE
    ../clib/memcpset.s                       0x00000000   Number         0  rt_memcpy_w.o ABSOLUTE
    ../clib/signal.c                         0x00000000   Number         0  defsig_rtred_inner.o ABSOLUTE
    ../clib/signal.c                         0x00000000   Number         0  defsig_rtmem_inner.o ABSOLUTE
    ../clib/signal.c                         0x00000000   Number         0  defsig_rtmem_outer.o ABSOLUTE
    ../clib/signal.c                         0x00000000   Number         0  defsig_rtmem_formal.o ABSOLUTE
    ../clib/signal.c                         0x00000000   Number         0  defsig_stak_inner.o ABSOLUTE
    ../clib/signal.c                         0x00000000   Number         0  defsig_other.o ABSOLUTE
    ../clib/signal.c                         0x00000000   Number         0  defsig_pvfn_inner.o ABSOLUTE
    ../clib/signal.c                         0x00000000   Number         0  defsig_segv_inner.o ABSOLUTE
    ../clib/signal.c                         0x00000000   Number         0  defsig_exit.o ABSOLUTE
    ../clib/signal.c                         0x00000000   Number         0  defsig_general.o ABSOLUTE
    ../clib/signal.c                         0x00000000   Number         0  __raise.o ABSOLUTE
    ../clib/signal.c                         0x00000000   Number         0  defsig_fpe_inner.o ABSOLUTE
    ../clib/signal.c                         0x00000000   Number         0  defsig_fpe_outer.o ABSOLUTE
    ../clib/signal.c                         0x00000000   Number         0  defsig_cppl_inner.o ABSOLUTE
    ../clib/signal.c                         0x00000000   Number         0  defsig_abrt_inner.o ABSOLUTE
    ../clib/signal.c                         0x00000000   Number         0  defsig_fpe_formal.o ABSOLUTE
    ../clib/signal.s                         0x00000000   Number         0  defsig.o ABSOLUTE
    ../clib/stdlib.c                         0x00000000   Number         0  exit.o ABSOLUTE
    ../fplib/fpinit.s                        0x00000000   Number         0  fpinit.o ABSOLUTE
    ..\Core\Src\dma.c                        0x00000000   Number         0  dma.o ABSOLUTE
    ..\Core\Src\freertos.c                   0x00000000   Number         0  freertos.o ABSOLUTE
    ..\Core\Src\gpio.c                       0x00000000   Number         0  gpio.o ABSOLUTE
    ..\Core\Src\main.c                       0x00000000   Number         0  main.o ABSOLUTE
    ..\Core\Src\stm32f4xx_hal_msp.c          0x00000000   Number         0  stm32f4xx_hal_msp.o ABSOLUTE
    ..\Core\Src\stm32f4xx_hal_timebase_tim.c 0x00000000   Number         0  stm32f4xx_hal_timebase_tim.o ABSOLUTE
    ..\Core\Src\stm32f4xx_it.c               0x00000000   Number         0  stm32f4xx_it.o ABSOLUTE
    ..\Core\Src\system_stm32f4xx.c           0x00000000   Number         0  system_stm32f4xx.o ABSOLUTE
    ..\Core\Src\usart.c                      0x00000000   Number         0  usart.o ABSOLUTE
    ..\Drivers\STM32F4xx_HAL_Driver\Src\stm32f4xx_hal.c 0x00000000   Number         0  stm32f4xx_hal.o ABSOLUTE
    ..\Drivers\STM32F4xx_HAL_Driver\Src\stm32f4xx_hal_cortex.c 0x00000000   Number         0  stm32f4xx_hal_cortex.o ABSOLUTE
    ..\Drivers\STM32F4xx_HAL_Driver\Src\stm32f4xx_hal_dma.c 0x00000000   Number         0  stm32f4xx_hal_dma.o ABSOLUTE
    ..\Drivers\STM32F4xx_HAL_Driver\Src\stm32f4xx_hal_dma_ex.c 0x00000000   Number         0  stm32f4xx_hal_dma_ex.o ABSOLUTE
    ..\Drivers\STM32F4xx_HAL_Driver\Src\stm32f4xx_hal_exti.c 0x00000000   Number         0  stm32f4xx_hal_exti.o ABSOLUTE
    ..\Drivers\STM32F4xx_HAL_Driver\Src\stm32f4xx_hal_flash.c 0x00000000   Number         0  stm32f4xx_hal_flash.o ABSOLUTE
    ..\Drivers\STM32F4xx_HAL_Driver\Src\stm32f4xx_hal_flash_ex.c 0x00000000   Number         0  stm32f4xx_hal_flash_ex.o ABSOLUTE
    ..\Drivers\STM32F4xx_HAL_Driver\Src\stm32f4xx_hal_flash_ramfunc.c 0x00000000   Number         0  stm32f4xx_hal_flash_ramfunc.o ABSOLUTE
    ..\Drivers\STM32F4xx_HAL_Driver\Src\stm32f4xx_hal_gpio.c 0x00000000   Number         0  stm32f4xx_hal_gpio.o ABSOLUTE
    ..\Drivers\STM32F4xx_HAL_Driver\Src\stm32f4xx_hal_pwr.c 0x00000000   Number         0  stm32f4xx_hal_pwr.o ABSOLUTE
    ..\Drivers\STM32F4xx_HAL_Driver\Src\stm32f4xx_hal_pwr_ex.c 0x00000000   Number         0  stm32f4xx_hal_pwr_ex.o ABSOLUTE
    ..\Drivers\STM32F4xx_HAL_Driver\Src\stm32f4xx_hal_rcc.c 0x00000000   Number         0  stm32f4xx_hal_rcc.o ABSOLUTE
    ..\Drivers\STM32F4xx_HAL_Driver\Src\stm32f4xx_hal_rcc_ex.c 0x00000000   Number         0  stm32f4xx_hal_rcc_ex.o ABSOLUTE
    ..\Drivers\STM32F4xx_HAL_Driver\Src\stm32f4xx_hal_tim.c 0x00000000   Number         0  stm32f4xx_hal_tim.o ABSOLUTE
    ..\Drivers\STM32F4xx_HAL_Driver\Src\stm32f4xx_hal_tim_ex.c 0x00000000   Number         0  stm32f4xx_hal_tim_ex.o ABSOLUTE
    ..\Drivers\STM32F4xx_HAL_Driver\Src\stm32f4xx_hal_uart.c 0x00000000   Number         0  stm32f4xx_hal_uart.o ABSOLUTE
    ..\Middlewares\Third_Party\FreeRTOS\Source\CMSIS_RTOS\cmsis_os.c 0x00000000   Number         0  cmsis_os.o ABSOLUTE
    ..\Middlewares\Third_Party\FreeRTOS\Source\portable\RVDS\ARM_CM4F\port.c 0x00000000   Number         0  port.o ABSOLUTE
    ..\\user\\ins_task.c                     0x00000000   Number         0  ins_task.o ABSOLUTE
    ..\\user\\message_task.c                 0x00000000   Number         0  message_task.o ABSOLUTE
    ..\\user\\motor_task.c                   0x00000000   Number         0  motor_task.o ABSOLUTE
    ..\user\ins_task.c                       0x00000000   Number         0  ins_task.o ABSOLUTE
    ..\user\mc6c.c                           0x00000000   Number         0  mc6c.o ABSOLUTE
    ..\user\message_task.c                   0x00000000   Number         0  message_task.o ABSOLUTE
    ..\user\motor_task.c                     0x00000000   Number         0  motor_task.o ABSOLUTE
    dc.s                                     0x00000000   Number         0  dc.o ABSOLUTE
    startup_stm32f411xe.s                    0x00000000   Number         0  startup_stm32f411xe.o ABSOLUTE
    RESET                                    0x08000000   Section      408  startup_stm32f411xe.o(RESET)
    !!!main                                  0x08000198   Section        8  __main.o(!!!main)
    !!!scatter                               0x080001a0   Section       52  __scatter.o(!!!scatter)
    !!handler_copy                           0x080001d4   Section       26  __scatter_copy.o(!!handler_copy)
    !!handler_zi                             0x080001f0   Section       28  __scatter_zi.o(!!handler_zi)
    .ARM.Collect$$libinit$$00000000          0x0800020c   Section        2  libinit.o(.ARM.Collect$$libinit$$00000000)
    .ARM.Collect$$libinit$$00000001          0x0800020e   Section        4  libinit2.o(.ARM.Collect$$libinit$$00000001)
    .ARM.Collect$$libinit$$00000004          0x08000212   Section        0  libinit2.o(.ARM.Collect$$libinit$$00000004)
    .ARM.Collect$$libinit$$0000000A          0x08000212   Section        0  libinit2.o(.ARM.Collect$$libinit$$0000000A)
    .ARM.Collect$$libinit$$0000000C          0x08000212   Section        0  libinit2.o(.ARM.Collect$$libinit$$0000000C)
    .ARM.Collect$$libinit$$0000000E          0x08000212   Section        0  libinit2.o(.ARM.Collect$$libinit$$0000000E)
    .ARM.Collect$$libinit$$00000011          0x08000212   Section        0  libinit2.o(.ARM.Collect$$libinit$$00000011)
    .ARM.Collect$$libinit$$00000013          0x08000212   Section        0  libinit2.o(.ARM.Collect$$libinit$$00000013)
    .ARM.Collect$$libinit$$00000015          0x08000212   Section        0  libinit2.o(.ARM.Collect$$libinit$$00000015)
    .ARM.Collect$$libinit$$00000017          0x08000212   Section        0  libinit2.o(.ARM.Collect$$libinit$$00000017)
    .ARM.Collect$$libinit$$00000019          0x08000212   Section        0  libinit2.o(.ARM.Collect$$libinit$$00000019)
    .ARM.Collect$$libinit$$0000001B          0x08000212   Section        0  libinit2.o(.ARM.Collect$$libinit$$0000001B)
    .ARM.Collect$$libinit$$0000001D          0x08000212   Section        0  libinit2.o(.ARM.Collect$$libinit$$0000001D)
    .ARM.Collect$$libinit$$0000001F          0x08000212   Section        0  libinit2.o(.ARM.Collect$$libinit$$0000001F)
    .ARM.Collect$$libinit$$00000021          0x08000212   Section        0  libinit2.o(.ARM.Collect$$libinit$$00000021)
    .ARM.Collect$$libinit$$00000023          0x08000212   Section        0  libinit2.o(.ARM.Collect$$libinit$$00000023)
    .ARM.Collect$$libinit$$00000025          0x08000212   Section        0  libinit2.o(.ARM.Collect$$libinit$$00000025)
    .ARM.Collect$$libinit$$0000002C          0x08000212   Section        0  libinit2.o(.ARM.Collect$$libinit$$0000002C)
    .ARM.Collect$$libinit$$0000002E          0x08000212   Section        0  libinit2.o(.ARM.Collect$$libinit$$0000002E)
    .ARM.Collect$$libinit$$00000030          0x08000212   Section        0  libinit2.o(.ARM.Collect$$libinit$$00000030)
    .ARM.Collect$$libinit$$00000032          0x08000212   Section        0  libinit2.o(.ARM.Collect$$libinit$$00000032)
    .ARM.Collect$$libinit$$00000033          0x08000212   Section        2  libinit2.o(.ARM.Collect$$libinit$$00000033)
    .ARM.Collect$$libshutdown$$00000000      0x08000214   Section        2  libshutdown.o(.ARM.Collect$$libshutdown$$00000000)
    .ARM.Collect$$libshutdown$$00000002      0x08000216   Section        0  libshutdown2.o(.ARM.Collect$$libshutdown$$00000002)
    .ARM.Collect$$libshutdown$$00000004      0x08000216   Section        0  libshutdown2.o(.ARM.Collect$$libshutdown$$00000004)
    .ARM.Collect$$libshutdown$$00000006      0x08000216   Section        0  libshutdown2.o(.ARM.Collect$$libshutdown$$00000006)
    .ARM.Collect$$libshutdown$$00000009      0x08000216   Section        0  libshutdown2.o(.ARM.Collect$$libshutdown$$00000009)
    .ARM.Collect$$libshutdown$$0000000C      0x08000216   Section        0  libshutdown2.o(.ARM.Collect$$libshutdown$$0000000C)
    .ARM.Collect$$libshutdown$$0000000E      0x08000216   Section        0  libshutdown2.o(.ARM.Collect$$libshutdown$$0000000E)
    .ARM.Collect$$libshutdown$$00000011      0x08000216   Section        0  libshutdown2.o(.ARM.Collect$$libshutdown$$00000011)
    .ARM.Collect$$libshutdown$$00000012      0x08000216   Section        2  libshutdown2.o(.ARM.Collect$$libshutdown$$00000012)
    .ARM.Collect$$rtentry$$00000000          0x08000218   Section        0  __rtentry.o(.ARM.Collect$$rtentry$$00000000)
    .ARM.Collect$$rtentry$$00000002          0x08000218   Section        0  __rtentry2.o(.ARM.Collect$$rtentry$$00000002)
    .ARM.Collect$$rtentry$$00000004          0x08000218   Section        6  __rtentry4.o(.ARM.Collect$$rtentry$$00000004)
    .ARM.Collect$$rtentry$$00000009          0x0800021e   Section        0  __rtentry2.o(.ARM.Collect$$rtentry$$00000009)
    .ARM.Collect$$rtentry$$0000000A          0x0800021e   Section        4  __rtentry2.o(.ARM.Collect$$rtentry$$0000000A)
    .ARM.Collect$$rtentry$$0000000C          0x08000222   Section        0  __rtentry2.o(.ARM.Collect$$rtentry$$0000000C)
    .ARM.Collect$$rtentry$$0000000D          0x08000222   Section        8  __rtentry2.o(.ARM.Collect$$rtentry$$0000000D)
    .ARM.Collect$$rtexit$$00000000           0x0800022a   Section        2  rtexit.o(.ARM.Collect$$rtexit$$00000000)
    .ARM.Collect$$rtexit$$00000002           0x0800022c   Section        0  rtexit2.o(.ARM.Collect$$rtexit$$00000002)
    .ARM.Collect$$rtexit$$00000003           0x0800022c   Section        4  rtexit2.o(.ARM.Collect$$rtexit$$00000003)
    .ARM.Collect$$rtexit$$00000004           0x08000230   Section        6  rtexit2.o(.ARM.Collect$$rtexit$$00000004)
    .emb_text                                0x08000238   Section      190  port.o(.emb_text)
    $v0                                      0x08000238   Number         0  port.o(.emb_text)
    .text                                    0x080002f8   Section       64  startup_stm32f411xe.o(.text)
    $v0                                      0x080002f8   Number         0  startup_stm32f411xe.o(.text)
    .text                                    0x08000338   Section      238  lludivv7m.o(.text)
    .text                                    0x08000426   Section      100  rt_memcpy_w.o(.text)
    .text                                    0x0800048a   Section       78  rt_memclr_w.o(.text)
    .text                                    0x080004d8   Section        0  heapauxi.o(.text)
    .text                                    0x080004de   Section       74  sys_stackheap_outer.o(.text)
    .text                                    0x08000528   Section        0  exit.o(.text)
    .text                                    0x0800053c   Section        8  libspace.o(.text)
    .text                                    0x08000544   Section        0  sys_exit.o(.text)
    .text                                    0x08000550   Section        2  use_no_semi.o(.text)
    .text                                    0x08000552   Section        0  indicate_semi.o(.text)
    i.BusFault_Handler                       0x08000552   Section        0  stm32f4xx_it.o(i.BusFault_Handler)
    i.DMA1_Stream5_IRQHandler                0x08000554   Section        0  stm32f4xx_it.o(i.DMA1_Stream5_IRQHandler)
    i.DMA2_Stream1_IRQHandler                0x08000560   Section        0  stm32f4xx_it.o(i.DMA2_Stream1_IRQHandler)
    i.DMA2_Stream2_IRQHandler                0x0800056c   Section        0  stm32f4xx_it.o(i.DMA2_Stream2_IRQHandler)
    i.DMA_CalcBaseAndBitshift                0x08000578   Section        0  stm32f4xx_hal_dma.o(i.DMA_CalcBaseAndBitshift)
    DMA_CalcBaseAndBitshift                  0x08000579   Thumb Code    34  stm32f4xx_hal_dma.o(i.DMA_CalcBaseAndBitshift)
    i.DMA_CheckFifoParam                     0x080005a0   Section        0  stm32f4xx_hal_dma.o(i.DMA_CheckFifoParam)
    DMA_CheckFifoParam                       0x080005a1   Thumb Code    84  stm32f4xx_hal_dma.o(i.DMA_CheckFifoParam)
    i.DMA_SetConfig                          0x080005f4   Section        0  stm32f4xx_hal_dma.o(i.DMA_SetConfig)
    DMA_SetConfig                            0x080005f5   Thumb Code    40  stm32f4xx_hal_dma.o(i.DMA_SetConfig)
    i.DebugMon_Handler                       0x0800061c   Section        0  stm32f4xx_it.o(i.DebugMon_Handler)
    i.Error_Handler                          0x0800061e   Section        0  main.o(i.Error_Handler)
    i.HAL_DMA_Abort                          0x08000622   Section        0  stm32f4xx_hal_dma.o(i.HAL_DMA_Abort)
    i.HAL_DMA_Abort_IT                       0x080006b4   Section        0  stm32f4xx_hal_dma.o(i.HAL_DMA_Abort_IT)
    i.HAL_DMA_IRQHandler                     0x080006d8   Section        0  stm32f4xx_hal_dma.o(i.HAL_DMA_IRQHandler)
    i.HAL_DMA_Init                           0x08000878   Section        0  stm32f4xx_hal_dma.o(i.HAL_DMA_Init)
    i.HAL_DMA_Start_IT                       0x0800094c   Section        0  stm32f4xx_hal_dma.o(i.HAL_DMA_Start_IT)
    i.HAL_GPIO_Init                          0x080009bc   Section        0  stm32f4xx_hal_gpio.o(i.HAL_GPIO_Init)
    i.HAL_GPIO_WritePin                      0x08000b9c   Section        0  stm32f4xx_hal_gpio.o(i.HAL_GPIO_WritePin)
    i.HAL_GetTick                            0x08000ba8   Section        0  stm32f4xx_hal.o(i.HAL_GetTick)
    i.HAL_IncTick                            0x08000bb4   Section        0  stm32f4xx_hal.o(i.HAL_IncTick)
    i.HAL_Init                               0x08000bc4   Section        0  stm32f4xx_hal.o(i.HAL_Init)
    i.HAL_InitTick                           0x08000bf8   Section        0  stm32f4xx_hal_timebase_tim.o(i.HAL_InitTick)
    i.HAL_MspInit                            0x08000c84   Section        0  stm32f4xx_hal_msp.o(i.HAL_MspInit)
    i.HAL_NVIC_EnableIRQ                     0x08000cbc   Section        0  stm32f4xx_hal_cortex.o(i.HAL_NVIC_EnableIRQ)
    i.HAL_NVIC_SetPriority                   0x08000cd8   Section        0  stm32f4xx_hal_cortex.o(i.HAL_NVIC_SetPriority)
    i.HAL_NVIC_SetPriorityGrouping           0x08000d18   Section        0  stm32f4xx_hal_cortex.o(i.HAL_NVIC_SetPriorityGrouping)
    i.HAL_RCC_ClockConfig                    0x08000d3c   Section        0  stm32f4xx_hal_rcc.o(i.HAL_RCC_ClockConfig)
    i.HAL_RCC_GetClockConfig                 0x08000e70   Section        0  stm32f4xx_hal_rcc.o(i.HAL_RCC_GetClockConfig)
    i.HAL_RCC_GetPCLK1Freq                   0x08000eb0   Section        0  stm32f4xx_hal_rcc.o(i.HAL_RCC_GetPCLK1Freq)
    i.HAL_RCC_GetPCLK2Freq                   0x08000ed0   Section        0  stm32f4xx_hal_rcc.o(i.HAL_RCC_GetPCLK2Freq)
    i.HAL_RCC_GetSysClockFreq                0x08000ef0   Section        0  stm32f4xx_hal_rcc.o(i.HAL_RCC_GetSysClockFreq)
    i.HAL_RCC_OscConfig                      0x08000f54   Section        0  stm32f4xx_hal_rcc.o(i.HAL_RCC_OscConfig)
    i.HAL_TIMEx_BreakCallback                0x080012c0   Section        0  stm32f4xx_hal_tim_ex.o(i.HAL_TIMEx_BreakCallback)
    i.HAL_TIMEx_CommutCallback               0x080012c2   Section        0  stm32f4xx_hal_tim_ex.o(i.HAL_TIMEx_CommutCallback)
    i.HAL_TIM_Base_Init                      0x080012c4   Section        0  stm32f4xx_hal_tim.o(i.HAL_TIM_Base_Init)
    i.HAL_TIM_Base_MspInit                   0x0800131e   Section        0  stm32f4xx_hal_tim.o(i.HAL_TIM_Base_MspInit)
    i.HAL_TIM_Base_Start_IT                  0x08001320   Section        0  stm32f4xx_hal_tim.o(i.HAL_TIM_Base_Start_IT)
    i.HAL_TIM_IC_CaptureCallback             0x0800138c   Section        0  stm32f4xx_hal_tim.o(i.HAL_TIM_IC_CaptureCallback)
    i.HAL_TIM_IRQHandler                     0x0800138e   Section        0  stm32f4xx_hal_tim.o(i.HAL_TIM_IRQHandler)
    i.HAL_TIM_OC_DelayElapsedCallback        0x080014be   Section        0  stm32f4xx_hal_tim.o(i.HAL_TIM_OC_DelayElapsedCallback)
    i.HAL_TIM_PWM_PulseFinishedCallback      0x080014c0   Section        0  stm32f4xx_hal_tim.o(i.HAL_TIM_PWM_PulseFinishedCallback)
    i.HAL_TIM_PeriodElapsedCallback          0x080014c4   Section        0  main.o(i.HAL_TIM_PeriodElapsedCallback)
    i.HAL_TIM_TriggerCallback                0x080014d8   Section        0  stm32f4xx_hal_tim.o(i.HAL_TIM_TriggerCallback)
    i.HAL_UARTEx_ReceiveToIdle_DMA           0x080014da   Section        0  stm32f4xx_hal_uart.o(i.HAL_UARTEx_ReceiveToIdle_DMA)
    i.HAL_UARTEx_RxEventCallback             0x08001528   Section        0  message_task.o(i.HAL_UARTEx_RxEventCallback)
    i.HAL_UART_ErrorCallback                 0x08001554   Section        0  stm32f4xx_hal_uart.o(i.HAL_UART_ErrorCallback)
    i.HAL_UART_IRQHandler                    0x08001558   Section        0  stm32f4xx_hal_uart.o(i.HAL_UART_IRQHandler)
    i.HAL_UART_Init                          0x080017c8   Section        0  stm32f4xx_hal_uart.o(i.HAL_UART_Init)
    i.HAL_UART_MspInit                       0x0800182c   Section        0  usart.o(i.HAL_UART_MspInit)
    i.HAL_UART_RxCpltCallback                0x080019e4   Section        0  stm32f4xx_hal_uart.o(i.HAL_UART_RxCpltCallback)
    i.HAL_UART_RxHalfCpltCallback            0x080019e6   Section        0  stm32f4xx_hal_uart.o(i.HAL_UART_RxHalfCpltCallback)
    i.HAL_UART_TxCpltCallback                0x080019e8   Section        0  stm32f4xx_hal_uart.o(i.HAL_UART_TxCpltCallback)
    i.HardFault_Handler                      0x080019ea   Section        0  stm32f4xx_it.o(i.HardFault_Handler)
    i.MC6C_decode                            0x080019ec   Section        0  mc6c.o(i.MC6C_decode)
    i.MX_DMA_Init                            0x08001a48   Section        0  dma.o(i.MX_DMA_Init)
    i.MX_FREERTOS_Init                       0x08001aa4   Section        0  freertos.o(i.MX_FREERTOS_Init)
    i.MX_GPIO_Init                           0x08001b0c   Section        0  gpio.o(i.MX_GPIO_Init)
    i.MX_USART1_UART_Init                    0x08001bac   Section        0  usart.o(i.MX_USART1_UART_Init)
    i.MX_USART2_UART_Init                    0x08001be4   Section        0  usart.o(i.MX_USART2_UART_Init)
    i.MX_USART6_UART_Init                    0x08001c28   Section        0  usart.o(i.MX_USART6_UART_Init)
    i.MemManage_Handler                      0x08001c60   Section        0  stm32f4xx_it.o(i.MemManage_Handler)
    i.Message_Init                           0x08001c64   Section        0  message_task.o(i.Message_Init)
    i.NMI_Handler                            0x08001c78   Section        0  stm32f4xx_it.o(i.NMI_Handler)
    i.StartDefaultTask                       0x08001c7a   Section        0  freertos.o(i.StartDefaultTask)
    i.StartInsTask                           0x08001c82   Section        0  ins_task.o(i.StartInsTask)
    i.StartMessageTask                       0x08001c8a   Section        0  message_task.o(i.StartMessageTask)
    i.StartMotorTask                         0x08001c96   Section        0  motor_task.o(i.StartMotorTask)
    i.SysTick_Handler                        0x08001ca0   Section        0  port.o(i.SysTick_Handler)
    i.SystemClock_Config                     0x08001ccc   Section        0  main.o(i.SystemClock_Config)
    i.SystemInit                             0x08001d5c   Section        0  system_stm32f4xx.o(i.SystemInit)
    i.TIM1_UP_TIM10_IRQHandler               0x08001d6c   Section        0  stm32f4xx_it.o(i.TIM1_UP_TIM10_IRQHandler)
    i.TIM_Base_SetConfig                     0x08001d78   Section        0  stm32f4xx_hal_tim.o(i.TIM_Base_SetConfig)
    i.UART_DMAAbortOnError                   0x08001e1c   Section        0  stm32f4xx_hal_uart.o(i.UART_DMAAbortOnError)
    UART_DMAAbortOnError                     0x08001e1d   Thumb Code    16  stm32f4xx_hal_uart.o(i.UART_DMAAbortOnError)
    i.UART_DMAError                          0x08001e2c   Section        0  stm32f4xx_hal_uart.o(i.UART_DMAError)
    UART_DMAError                            0x08001e2d   Thumb Code    74  stm32f4xx_hal_uart.o(i.UART_DMAError)
    i.UART_DMAReceiveCplt                    0x08001e76   Section        0  stm32f4xx_hal_uart.o(i.UART_DMAReceiveCplt)
    UART_DMAReceiveCplt                      0x08001e77   Thumb Code   134  stm32f4xx_hal_uart.o(i.UART_DMAReceiveCplt)
    i.UART_DMARxHalfCplt                     0x08001efc   Section        0  stm32f4xx_hal_uart.o(i.UART_DMARxHalfCplt)
    UART_DMARxHalfCplt                       0x08001efd   Thumb Code    30  stm32f4xx_hal_uart.o(i.UART_DMARxHalfCplt)
    i.UART_EndRxTransfer                     0x08001f1a   Section        0  stm32f4xx_hal_uart.o(i.UART_EndRxTransfer)
    UART_EndRxTransfer                       0x08001f1b   Thumb Code    78  stm32f4xx_hal_uart.o(i.UART_EndRxTransfer)
    i.UART_EndTxTransfer                     0x08001f68   Section        0  stm32f4xx_hal_uart.o(i.UART_EndTxTransfer)
    UART_EndTxTransfer                       0x08001f69   Thumb Code    28  stm32f4xx_hal_uart.o(i.UART_EndTxTransfer)
    i.UART_Receive_IT                        0x08001f84   Section        0  stm32f4xx_hal_uart.o(i.UART_Receive_IT)
    UART_Receive_IT                          0x08001f85   Thumb Code   194  stm32f4xx_hal_uart.o(i.UART_Receive_IT)
    i.UART_SetConfig                         0x08002048   Section        0  stm32f4xx_hal_uart.o(i.UART_SetConfig)
    UART_SetConfig                           0x08002049   Thumb Code   258  stm32f4xx_hal_uart.o(i.UART_SetConfig)
    i.UART_Start_Receive_DMA                 0x08002154   Section        0  stm32f4xx_hal_uart.o(i.UART_Start_Receive_DMA)
    i.USART1_IRQHandler                      0x080021e4   Section        0  stm32f4xx_it.o(i.USART1_IRQHandler)
    i.USART2_IRQHandler                      0x080021f0   Section        0  stm32f4xx_it.o(i.USART2_IRQHandler)
    i.USART6_IRQHandler                      0x080021fc   Section        0  stm32f4xx_it.o(i.USART6_IRQHandler)
    i.UsageFault_Handler                     0x08002208   Section        0  stm32f4xx_it.o(i.UsageFault_Handler)
    i.__NVIC_SetPriority                     0x0800220a   Section        0  stm32f4xx_hal_cortex.o(i.__NVIC_SetPriority)
    __NVIC_SetPriority                       0x0800220b   Thumb Code    32  stm32f4xx_hal_cortex.o(i.__NVIC_SetPriority)
    i.main                                   0x0800222a   Section        0  main.o(i.main)
    i.makeFreeRtosPriority                   0x08002250   Section        0  cmsis_os.o(i.makeFreeRtosPriority)
    makeFreeRtosPriority                     0x08002251   Thumb Code    12  cmsis_os.o(i.makeFreeRtosPriority)
    i.osDelay                                0x0800225c   Section        0  cmsis_os.o(i.osDelay)
    i.osKernelStart                          0x0800226a   Section        0  cmsis_os.o(i.osKernelStart)
    i.osThreadCreate                         0x08002274   Section        0  cmsis_os.o(i.osThreadCreate)
    i.prvAddCurrentTaskToDelayedList         0x080022c8   Section        0  tasks.o(i.prvAddCurrentTaskToDelayedList)
    prvAddCurrentTaskToDelayedList           0x080022c9   Thumb Code   102  tasks.o(i.prvAddCurrentTaskToDelayedList)
    i.prvAddNewTaskToReadyList               0x08002338   Section        0  tasks.o(i.prvAddNewTaskToReadyList)
    prvAddNewTaskToReadyList                 0x08002339   Thumb Code   194  tasks.o(i.prvAddNewTaskToReadyList)
    i.prvDeleteTCB                           0x08002408   Section        0  tasks.o(i.prvDeleteTCB)
    prvDeleteTCB                             0x08002409   Thumb Code    52  tasks.o(i.prvDeleteTCB)
    i.prvHeapInit                            0x0800243c   Section        0  heap_4.o(i.prvHeapInit)
    prvHeapInit                              0x0800243d   Thumb Code    66  heap_4.o(i.prvHeapInit)
    i.prvIdleTask                            0x08002488   Section        0  tasks.o(i.prvIdleTask)
    prvIdleTask                              0x08002489   Thumb Code    82  tasks.o(i.prvIdleTask)
    i.prvInitialiseNewTask                   0x080024e8   Section        0  tasks.o(i.prvInitialiseNewTask)
    prvInitialiseNewTask                     0x080024e9   Thumb Code   152  tasks.o(i.prvInitialiseNewTask)
    i.prvInsertBlockIntoFreeList             0x08002580   Section        0  heap_4.o(i.prvInsertBlockIntoFreeList)
    prvInsertBlockIntoFreeList               0x08002581   Thumb Code    72  heap_4.o(i.prvInsertBlockIntoFreeList)
    i.prvResetNextTaskUnblockTime            0x080025cc   Section        0  tasks.o(i.prvResetNextTaskUnblockTime)
    prvResetNextTaskUnblockTime              0x080025cd   Thumb Code    26  tasks.o(i.prvResetNextTaskUnblockTime)
    i.prvTaskExitError                       0x080025ec   Section        0  port.o(i.prvTaskExitError)
    prvTaskExitError                         0x080025ed   Thumb Code    36  port.o(i.prvTaskExitError)
    i.pvPortMalloc                           0x08002614   Section        0  heap_4.o(i.pvPortMalloc)
    i.pxPortInitialiseStack                  0x080026f0   Section        0  port.o(i.pxPortInitialiseStack)
    i.uxListRemove                           0x0800271c   Section        0  list.o(i.uxListRemove)
    i.vApplicationGetIdleTaskMemory          0x08002744   Section        0  freertos.o(i.vApplicationGetIdleTaskMemory)
    i.vListInitialise                        0x08002758   Section        0  list.o(i.vListInitialise)
    i.vListInitialiseItem                    0x0800276e   Section        0  list.o(i.vListInitialiseItem)
    i.vListInsert                            0x08002774   Section        0  list.o(i.vListInsert)
    i.vListInsertEnd                         0x080027a4   Section        0  list.o(i.vListInsertEnd)
    i.vPortEnterCritical                     0x080027bc   Section        0  port.o(i.vPortEnterCritical)
    i.vPortExitCritical                      0x080027fc   Section        0  port.o(i.vPortExitCritical)
    i.vPortFree                              0x08002824   Section        0  heap_4.o(i.vPortFree)
    i.vPortSetupTimerInterrupt               0x08002888   Section        0  port.o(i.vPortSetupTimerInterrupt)
    i.vTaskDelay                             0x080028ac   Section        0  tasks.o(i.vTaskDelay)
    i.vTaskStartScheduler                    0x080028f8   Section        0  tasks.o(i.vTaskStartScheduler)
    i.vTaskSuspendAll                        0x08002964   Section        0  tasks.o(i.vTaskSuspendAll)
    i.vTaskSwitchContext                     0x08002974   Section        0  tasks.o(i.vTaskSwitchContext)
    i.xPortStartScheduler                    0x080029d0   Section        0  port.o(i.xPortStartScheduler)
    i.xTaskCreate                            0x08002ac4   Section        0  tasks.o(i.xTaskCreate)
    i.xTaskCreateStatic                      0x08002b1e   Section        0  tasks.o(i.xTaskCreateStatic)
    i.xTaskIncrementTick                     0x08002b74   Section        0  tasks.o(i.xTaskIncrementTick)
    i.xTaskResumeAll                         0x08002c40   Section        0  tasks.o(i.xTaskResumeAll)
    x$fpl$fpinit                             0x08002d04   Section       10  fpinit.o(x$fpl$fpinit)
    $v0                                      0x08002d04   Number         0  fpinit.o(x$fpl$fpinit)
    .constdata                               0x08002d10   Section      112  freertos.o(.constdata)
    .constdata                               0x08002d80   Section        8  stm32f4xx_hal_dma.o(.constdata)
    flagBitshiftOffset                       0x08002d80   Data           8  stm32f4xx_hal_dma.o(.constdata)
    .constdata                               0x08002d88   Section       16  system_stm32f4xx.o(.constdata)
    .constdata                               0x08002d98   Section        8  system_stm32f4xx.o(.constdata)
    .conststring                             0x08002da0   Section       32  freertos.o(.conststring)
    .data                                    0x20000000   Section       16  freertos.o(.data)
    .data                                    0x20000010   Section       12  stm32f4xx_hal.o(.data)
    .data                                    0x2000001c   Section        4  system_stm32f4xx.o(.data)
    .data                                    0x20000020   Section       60  tasks.o(.data)
    uxDeletedTasksWaitingCleanUp             0x20000024   Data           4  tasks.o(.data)
    uxCurrentNumberOfTasks                   0x20000028   Data           4  tasks.o(.data)
    xTickCount                               0x2000002c   Data           4  tasks.o(.data)
    uxTopReadyPriority                       0x20000030   Data           4  tasks.o(.data)
    xSchedulerRunning                        0x20000034   Data           4  tasks.o(.data)
    xPendedTicks                             0x20000038   Data           4  tasks.o(.data)
    xYieldPending                            0x2000003c   Data           4  tasks.o(.data)
    xNumOfOverflows                          0x20000040   Data           4  tasks.o(.data)
    uxTaskNumber                             0x20000044   Data           4  tasks.o(.data)
    xNextTaskUnblockTime                     0x20000048   Data           4  tasks.o(.data)
    xIdleTaskHandle                          0x2000004c   Data           4  tasks.o(.data)
    uxSchedulerSuspended                     0x20000050   Data           4  tasks.o(.data)
    pxDelayedTaskList                        0x20000054   Data           4  tasks.o(.data)
    pxOverflowDelayedTaskList                0x20000058   Data           4  tasks.o(.data)
    .data                                    0x2000005c   Section       32  heap_4.o(.data)
    pxEnd                                    0x2000005c   Data           4  heap_4.o(.data)
    xFreeBytesRemaining                      0x20000060   Data           4  heap_4.o(.data)
    xMinimumEverFreeBytesRemaining           0x20000064   Data           4  heap_4.o(.data)
    xNumberOfSuccessfulAllocations           0x20000068   Data           4  heap_4.o(.data)
    xNumberOfSuccessfulFrees                 0x2000006c   Data           4  heap_4.o(.data)
    xBlockAllocatedBit                       0x20000070   Data           4  heap_4.o(.data)
    xStart                                   0x20000074   Data           8  heap_4.o(.data)
    .data                                    0x2000007c   Section       12  port.o(.data)
    ucMaxSysCallPriority                     0x2000007c   Data           1  port.o(.data)
    uxCriticalNesting                        0x20000080   Data           4  port.o(.data)
    ulMaxPRIGROUPValue                       0x20000084   Data           4  port.o(.data)
    .bss                                     0x20000088   Section      596  freertos.o(.bss)
    xIdleTaskTCBBuffer                       0x20000088   Data          84  freertos.o(.bss)
    xIdleStack                               0x200000dc   Data         512  freertos.o(.bss)
    .bss                                     0x200002dc   Section      504  usart.o(.bss)
    .bss                                     0x200004d4   Section       72  stm32f4xx_hal_timebase_tim.o(.bss)
    .bss                                     0x2000051c   Section      240  tasks.o(.bss)
    pxReadyTasksLists                        0x2000051c   Data         140  tasks.o(.bss)
    xDelayedTaskList1                        0x200005a8   Data          20  tasks.o(.bss)
    xDelayedTaskList2                        0x200005bc   Data          20  tasks.o(.bss)
    xPendingReadyList                        0x200005d0   Data          20  tasks.o(.bss)
    xTasksWaitingTermination                 0x200005e4   Data          20  tasks.o(.bss)
    xSuspendedTaskList                       0x200005f8   Data          20  tasks.o(.bss)
    .bss                                     0x2000060c   Section    15360  heap_4.o(.bss)
    ucHeap                                   0x2000060c   Data       15360  heap_4.o(.bss)
    .bss                                     0x2000420c   Section       42  message_task.o(.bss)
    .bss                                     0x20004238   Section       96  libspace.o(.bss)
    HEAP                                     0x20004298   Section      512  startup_stm32f411xe.o(HEAP)
    Heap_Mem                                 0x20004298   Data         512  startup_stm32f411xe.o(HEAP)
    STACK                                    0x20004498   Section     1024  startup_stm32f411xe.o(STACK)
    Stack_Mem                                0x20004498   Data        1024  startup_stm32f411xe.o(STACK)
    __initial_sp                             0x20004898   Data           0  startup_stm32f411xe.o(STACK)

    Global Symbols

    Symbol Name                              Value     Ov Type        Size  Object(Section)

    BuildAttributes$$THM_ISAv4$E$P$D$K$B$S$7EM$VFPi3$EXTD16$VFPS$VFMA$PE$A:L22UL41UL21$X:L11$S22US41US21$IEEE1$IW$USESV6$~STKCKD$USESV7$~SHL$OSPACE$ROPI$EBA8$UX$STANDARDLIB$REQ8$PRES8$EABIv2 0x00000000   Number         0  anon$$obj.o ABSOLUTE
    __ARM_use_no_argv                        0x00000000   Number         0  main.o ABSOLUTE
    __ARM_exceptions_init                     - Undefined Weak Reference
    __alloca_initialize                       - Undefined Weak Reference
    __arm_fini_                               - Undefined Weak Reference
    __arm_preinit_                            - Undefined Weak Reference
    __cpp_initialize__aeabi_                  - Undefined Weak Reference
    __cxa_finalize                            - Undefined Weak Reference
    __rt_locale                               - Undefined Weak Reference
    __sigvec_lookup                           - Undefined Weak Reference
    _atexit_init                              - Undefined Weak Reference
    _call_atexit_fns                          - Undefined Weak Reference
    _clock_init                               - Undefined Weak Reference
    _fp_trap_init                             - Undefined Weak Reference
    _fp_trap_shutdown                         - Undefined Weak Reference
    _get_lc_collate                           - Undefined Weak Reference
    _get_lc_ctype                             - Undefined Weak Reference
    _get_lc_monetary                          - Undefined Weak Reference
    _get_lc_numeric                           - Undefined Weak Reference
    _get_lc_time                              - Undefined Weak Reference
    _getenv_init                              - Undefined Weak Reference
    _handle_redirection                       - Undefined Weak Reference
    _init_alloc                               - Undefined Weak Reference
    _init_user_alloc                          - Undefined Weak Reference
    _initio                                   - Undefined Weak Reference
    _rand_init                                - Undefined Weak Reference
    _signal_finish                            - Undefined Weak Reference
    _signal_init                              - Undefined Weak Reference
    _terminate_alloc                          - Undefined Weak Reference
    _terminate_user_alloc                     - Undefined Weak Reference
    _terminateio                              - Undefined Weak Reference
    __Vectors_Size                           0x00000198   Number         0  startup_stm32f411xe.o ABSOLUTE
    __Vectors                                0x08000000   Data           4  startup_stm32f411xe.o(RESET)
    __Vectors_End                            0x08000198   Data           0  startup_stm32f411xe.o(RESET)
    __main                                   0x08000199   Thumb Code     8  __main.o(!!!main)
    __scatterload                            0x080001a1   Thumb Code     0  __scatter.o(!!!scatter)
    __scatterload_rt2                        0x080001a1   Thumb Code    44  __scatter.o(!!!scatter)
    __scatterload_rt2_thumb_only             0x080001a1   Thumb Code     0  __scatter.o(!!!scatter)
    __scatterload_null                       0x080001af   Thumb Code     0  __scatter.o(!!!scatter)
    __scatterload_copy                       0x080001d5   Thumb Code    26  __scatter_copy.o(!!handler_copy)
    __scatterload_zeroinit                   0x080001f1   Thumb Code    28  __scatter_zi.o(!!handler_zi)
    __rt_lib_init                            0x0800020d   Thumb Code     0  libinit.o(.ARM.Collect$$libinit$$00000000)
    __rt_lib_init_fp_1                       0x0800020f   Thumb Code     0  libinit2.o(.ARM.Collect$$libinit$$00000001)
    __rt_lib_init_alloca_1                   0x08000213   Thumb Code     0  libinit2.o(.ARM.Collect$$libinit$$0000002E)
    __rt_lib_init_argv_1                     0x08000213   Thumb Code     0  libinit2.o(.ARM.Collect$$libinit$$0000002C)
    __rt_lib_init_atexit_1                   0x08000213   Thumb Code     0  libinit2.o(.ARM.Collect$$libinit$$0000001B)
    __rt_lib_init_clock_1                    0x08000213   Thumb Code     0  libinit2.o(.ARM.Collect$$libinit$$00000021)
    __rt_lib_init_cpp_1                      0x08000213   Thumb Code     0  libinit2.o(.ARM.Collect$$libinit$$00000032)
    __rt_lib_init_exceptions_1               0x08000213   Thumb Code     0  libinit2.o(.ARM.Collect$$libinit$$00000030)
    __rt_lib_init_fp_trap_1                  0x08000213   Thumb Code     0  libinit2.o(.ARM.Collect$$libinit$$0000001F)
    __rt_lib_init_getenv_1                   0x08000213   Thumb Code     0  libinit2.o(.ARM.Collect$$libinit$$00000023)
    __rt_lib_init_heap_1                     0x08000213   Thumb Code     0  libinit2.o(.ARM.Collect$$libinit$$0000000A)
    __rt_lib_init_lc_collate_1               0x08000213   Thumb Code     0  libinit2.o(.ARM.Collect$$libinit$$00000011)
    __rt_lib_init_lc_ctype_1                 0x08000213   Thumb Code     0  libinit2.o(.ARM.Collect$$libinit$$00000013)
    __rt_lib_init_lc_monetary_1              0x08000213   Thumb Code     0  libinit2.o(.ARM.Collect$$libinit$$00000015)
    __rt_lib_init_lc_numeric_1               0x08000213   Thumb Code     0  libinit2.o(.ARM.Collect$$libinit$$00000017)
    __rt_lib_init_lc_time_1                  0x08000213   Thumb Code     0  libinit2.o(.ARM.Collect$$libinit$$00000019)
    __rt_lib_init_preinit_1                  0x08000213   Thumb Code     0  libinit2.o(.ARM.Collect$$libinit$$00000004)
    __rt_lib_init_rand_1                     0x08000213   Thumb Code     0  libinit2.o(.ARM.Collect$$libinit$$0000000E)
    __rt_lib_init_return                     0x08000213   Thumb Code     0  libinit2.o(.ARM.Collect$$libinit$$00000033)
    __rt_lib_init_signal_1                   0x08000213   Thumb Code     0  libinit2.o(.ARM.Collect$$libinit$$0000001D)
    __rt_lib_init_stdio_1                    0x08000213   Thumb Code     0  libinit2.o(.ARM.Collect$$libinit$$00000025)
    __rt_lib_init_user_alloc_1               0x08000213   Thumb Code     0  libinit2.o(.ARM.Collect$$libinit$$0000000C)
    __rt_lib_shutdown                        0x08000215   Thumb Code     0  libshutdown.o(.ARM.Collect$$libshutdown$$00000000)
    __rt_lib_shutdown_cpp_1                  0x08000217   Thumb Code     0  libshutdown2.o(.ARM.Collect$$libshutdown$$00000004)
    __rt_lib_shutdown_fini_1                 0x08000217   Thumb Code     0  libshutdown2.o(.ARM.Collect$$libshutdown$$00000002)
    __rt_lib_shutdown_fp_trap_1              0x08000217   Thumb Code     0  libshutdown2.o(.ARM.Collect$$libshutdown$$00000009)
    __rt_lib_shutdown_heap_1                 0x08000217   Thumb Code     0  libshutdown2.o(.ARM.Collect$$libshutdown$$00000011)
    __rt_lib_shutdown_return                 0x08000217   Thumb Code     0  libshutdown2.o(.ARM.Collect$$libshutdown$$00000012)
    __rt_lib_shutdown_signal_1               0x08000217   Thumb Code     0  libshutdown2.o(.ARM.Collect$$libshutdown$$0000000C)
    __rt_lib_shutdown_stdio_1                0x08000217   Thumb Code     0  libshutdown2.o(.ARM.Collect$$libshutdown$$00000006)
    __rt_lib_shutdown_user_alloc_1           0x08000217   Thumb Code     0  libshutdown2.o(.ARM.Collect$$libshutdown$$0000000E)
    __rt_entry                               0x08000219   Thumb Code     0  __rtentry.o(.ARM.Collect$$rtentry$$00000000)
    __rt_entry_presh_1                       0x08000219   Thumb Code     0  __rtentry2.o(.ARM.Collect$$rtentry$$00000002)
    __rt_entry_sh                            0x08000219   Thumb Code     0  __rtentry4.o(.ARM.Collect$$rtentry$$00000004)
    __rt_entry_li                            0x0800021f   Thumb Code     0  __rtentry2.o(.ARM.Collect$$rtentry$$0000000A)
    __rt_entry_postsh_1                      0x0800021f   Thumb Code     0  __rtentry2.o(.ARM.Collect$$rtentry$$00000009)
    __rt_entry_main                          0x08000223   Thumb Code     0  __rtentry2.o(.ARM.Collect$$rtentry$$0000000D)
    __rt_entry_postli_1                      0x08000223   Thumb Code     0  __rtentry2.o(.ARM.Collect$$rtentry$$0000000C)
    __rt_exit                                0x0800022b   Thumb Code     0  rtexit.o(.ARM.Collect$$rtexit$$00000000)
    __rt_exit_ls                             0x0800022d   Thumb Code     0  rtexit2.o(.ARM.Collect$$rtexit$$00000003)
    __rt_exit_prels_1                        0x0800022d   Thumb Code     0  rtexit2.o(.ARM.Collect$$rtexit$$00000002)
    __rt_exit_exit                           0x08000231   Thumb Code     0  rtexit2.o(.ARM.Collect$$rtexit$$00000004)
    SVC_Handler                              0x08000239   Thumb Code    28  port.o(.emb_text)
    __asm___6_port_c_39a90d8d__prvStartFirstTask 0x08000259   Thumb Code    36  port.o(.emb_text)
    __asm___6_port_c_39a90d8d__prvEnableVFP  0x08000281   Thumb Code    16  port.o(.emb_text)
    PendSV_Handler                           0x08000295   Thumb Code    88  port.o(.emb_text)
    vPortGetIPSR                             0x080002f1   Thumb Code     6  port.o(.emb_text)
    Reset_Handler                            0x080002f9   Thumb Code     8  startup_stm32f411xe.o(.text)
    ADC_IRQHandler                           0x08000313   Thumb Code     0  startup_stm32f411xe.o(.text)
    DMA1_Stream0_IRQHandler                  0x08000313   Thumb Code     0  startup_stm32f411xe.o(.text)
    DMA1_Stream1_IRQHandler                  0x08000313   Thumb Code     0  startup_stm32f411xe.o(.text)
    DMA1_Stream2_IRQHandler                  0x08000313   Thumb Code     0  startup_stm32f411xe.o(.text)
    DMA1_Stream3_IRQHandler                  0x08000313   Thumb Code     0  startup_stm32f411xe.o(.text)
    DMA1_Stream4_IRQHandler                  0x08000313   Thumb Code     0  startup_stm32f411xe.o(.text)
    DMA1_Stream6_IRQHandler                  0x08000313   Thumb Code     0  startup_stm32f411xe.o(.text)
    DMA1_Stream7_IRQHandler                  0x08000313   Thumb Code     0  startup_stm32f411xe.o(.text)
    DMA2_Stream0_IRQHandler                  0x08000313   Thumb Code     0  startup_stm32f411xe.o(.text)
    DMA2_Stream3_IRQHandler                  0x08000313   Thumb Code     0  startup_stm32f411xe.o(.text)
    DMA2_Stream4_IRQHandler                  0x08000313   Thumb Code     0  startup_stm32f411xe.o(.text)
    DMA2_Stream5_IRQHandler                  0x08000313   Thumb Code     0  startup_stm32f411xe.o(.text)
    DMA2_Stream6_IRQHandler                  0x08000313   Thumb Code     0  startup_stm32f411xe.o(.text)
    DMA2_Stream7_IRQHandler                  0x08000313   Thumb Code     0  startup_stm32f411xe.o(.text)
    EXTI0_IRQHandler                         0x08000313   Thumb Code     0  startup_stm32f411xe.o(.text)
    EXTI15_10_IRQHandler                     0x08000313   Thumb Code     0  startup_stm32f411xe.o(.text)
    EXTI1_IRQHandler                         0x08000313   Thumb Code     0  startup_stm32f411xe.o(.text)
    EXTI2_IRQHandler                         0x08000313   Thumb Code     0  startup_stm32f411xe.o(.text)
    EXTI3_IRQHandler                         0x08000313   Thumb Code     0  startup_stm32f411xe.o(.text)
    EXTI4_IRQHandler                         0x08000313   Thumb Code     0  startup_stm32f411xe.o(.text)
    EXTI9_5_IRQHandler                       0x08000313   Thumb Code     0  startup_stm32f411xe.o(.text)
    FLASH_IRQHandler                         0x08000313   Thumb Code     0  startup_stm32f411xe.o(.text)
    FPU_IRQHandler                           0x08000313   Thumb Code     0  startup_stm32f411xe.o(.text)
    I2C1_ER_IRQHandler                       0x08000313   Thumb Code     0  startup_stm32f411xe.o(.text)
    I2C1_EV_IRQHandler                       0x08000313   Thumb Code     0  startup_stm32f411xe.o(.text)
    I2C2_ER_IRQHandler                       0x08000313   Thumb Code     0  startup_stm32f411xe.o(.text)
    I2C2_EV_IRQHandler                       0x08000313   Thumb Code     0  startup_stm32f411xe.o(.text)
    I2C3_ER_IRQHandler                       0x08000313   Thumb Code     0  startup_stm32f411xe.o(.text)
    I2C3_EV_IRQHandler                       0x08000313   Thumb Code     0  startup_stm32f411xe.o(.text)
    OTG_FS_IRQHandler                        0x08000313   Thumb Code     0  startup_stm32f411xe.o(.text)
    OTG_FS_WKUP_IRQHandler                   0x08000313   Thumb Code     0  startup_stm32f411xe.o(.text)
    PVD_IRQHandler                           0x08000313   Thumb Code     0  startup_stm32f411xe.o(.text)
    RCC_IRQHandler                           0x08000313   Thumb Code     0  startup_stm32f411xe.o(.text)
    RTC_Alarm_IRQHandler                     0x08000313   Thumb Code     0  startup_stm32f411xe.o(.text)
    RTC_WKUP_IRQHandler                      0x08000313   Thumb Code     0  startup_stm32f411xe.o(.text)
    SDIO_IRQHandler                          0x08000313   Thumb Code     0  startup_stm32f411xe.o(.text)
    SPI1_IRQHandler                          0x08000313   Thumb Code     0  startup_stm32f411xe.o(.text)
    SPI2_IRQHandler                          0x08000313   Thumb Code     0  startup_stm32f411xe.o(.text)
    SPI3_IRQHandler                          0x08000313   Thumb Code     0  startup_stm32f411xe.o(.text)
    SPI4_IRQHandler                          0x08000313   Thumb Code     0  startup_stm32f411xe.o(.text)
    SPI5_IRQHandler                          0x08000313   Thumb Code     0  startup_stm32f411xe.o(.text)
    TAMP_STAMP_IRQHandler                    0x08000313   Thumb Code     0  startup_stm32f411xe.o(.text)
    TIM1_BRK_TIM9_IRQHandler                 0x08000313   Thumb Code     0  startup_stm32f411xe.o(.text)
    TIM1_CC_IRQHandler                       0x08000313   Thumb Code     0  startup_stm32f411xe.o(.text)
    TIM1_TRG_COM_TIM11_IRQHandler            0x08000313   Thumb Code     0  startup_stm32f411xe.o(.text)
    TIM2_IRQHandler                          0x08000313   Thumb Code     0  startup_stm32f411xe.o(.text)
    TIM3_IRQHandler                          0x08000313   Thumb Code     0  startup_stm32f411xe.o(.text)
    TIM4_IRQHandler                          0x08000313   Thumb Code     0  startup_stm32f411xe.o(.text)
    TIM5_IRQHandler                          0x08000313   Thumb Code     0  startup_stm32f411xe.o(.text)
    WWDG_IRQHandler                          0x08000313   Thumb Code     0  startup_stm32f411xe.o(.text)
    __user_initial_stackheap                 0x08000315   Thumb Code     0  startup_stm32f411xe.o(.text)
    __aeabi_uldivmod                         0x08000339   Thumb Code     0  lludivv7m.o(.text)
    _ll_udiv                                 0x08000339   Thumb Code   238  lludivv7m.o(.text)
    __aeabi_memcpy4                          0x08000427   Thumb Code     0  rt_memcpy_w.o(.text)
    __aeabi_memcpy8                          0x08000427   Thumb Code     0  rt_memcpy_w.o(.text)
    __rt_memcpy_w                            0x08000427   Thumb Code   100  rt_memcpy_w.o(.text)
    _memcpy_lastbytes_aligned                0x0800046f   Thumb Code     0  rt_memcpy_w.o(.text)
    __aeabi_memclr4                          0x0800048b   Thumb Code     0  rt_memclr_w.o(.text)
    __aeabi_memclr8                          0x0800048b   Thumb Code     0  rt_memclr_w.o(.text)
    __rt_memclr_w                            0x0800048b   Thumb Code    78  rt_memclr_w.o(.text)
    _memset_w                                0x0800048f   Thumb Code     0  rt_memclr_w.o(.text)
    __use_two_region_memory                  0x080004d9   Thumb Code     2  heapauxi.o(.text)
    __rt_heap_escrow$2region                 0x080004db   Thumb Code     2  heapauxi.o(.text)
    __rt_heap_expand$2region                 0x080004dd   Thumb Code     2  heapauxi.o(.text)
    __user_setup_stackheap                   0x080004df   Thumb Code    74  sys_stackheap_outer.o(.text)
    exit                                     0x08000529   Thumb Code    18  exit.o(.text)
    __user_libspace                          0x0800053d   Thumb Code     8  libspace.o(.text)
    __user_perproc_libspace                  0x0800053d   Thumb Code     0  libspace.o(.text)
    __user_perthread_libspace                0x0800053d   Thumb Code     0  libspace.o(.text)
    _sys_exit                                0x08000545   Thumb Code     8  sys_exit.o(.text)
    __I$use$semihosting                      0x08000551   Thumb Code     0  use_no_semi.o(.text)
    __use_no_semihosting_swi                 0x08000551   Thumb Code     2  use_no_semi.o(.text)
    BusFault_Handler                         0x08000553   Thumb Code     2  stm32f4xx_it.o(i.BusFault_Handler)
    __semihosting_library_function           0x08000553   Thumb Code     0  indicate_semi.o(.text)
    DMA1_Stream5_IRQHandler                  0x08000555   Thumb Code     6  stm32f4xx_it.o(i.DMA1_Stream5_IRQHandler)
    DMA2_Stream1_IRQHandler                  0x08000561   Thumb Code     6  stm32f4xx_it.o(i.DMA2_Stream1_IRQHandler)
    DMA2_Stream2_IRQHandler                  0x0800056d   Thumb Code     6  stm32f4xx_it.o(i.DMA2_Stream2_IRQHandler)
    DebugMon_Handler                         0x0800061d   Thumb Code     2  stm32f4xx_it.o(i.DebugMon_Handler)
    Error_Handler                            0x0800061f   Thumb Code     4  main.o(i.Error_Handler)
    HAL_DMA_Abort                            0x08000623   Thumb Code   146  stm32f4xx_hal_dma.o(i.HAL_DMA_Abort)
    HAL_DMA_Abort_IT                         0x080006b5   Thumb Code    36  stm32f4xx_hal_dma.o(i.HAL_DMA_Abort_IT)
    HAL_DMA_IRQHandler                       0x080006d9   Thumb Code   412  stm32f4xx_hal_dma.o(i.HAL_DMA_IRQHandler)
    HAL_DMA_Init                             0x08000879   Thumb Code   206  stm32f4xx_hal_dma.o(i.HAL_DMA_Init)
    HAL_DMA_Start_IT                         0x0800094d   Thumb Code   110  stm32f4xx_hal_dma.o(i.HAL_DMA_Start_IT)
    HAL_GPIO_Init                            0x080009bd   Thumb Code   446  stm32f4xx_hal_gpio.o(i.HAL_GPIO_Init)
    HAL_GPIO_WritePin                        0x08000b9d   Thumb Code    10  stm32f4xx_hal_gpio.o(i.HAL_GPIO_WritePin)
    HAL_GetTick                              0x08000ba9   Thumb Code     6  stm32f4xx_hal.o(i.HAL_GetTick)
    HAL_IncTick                              0x08000bb5   Thumb Code    12  stm32f4xx_hal.o(i.HAL_IncTick)
    HAL_Init                                 0x08000bc5   Thumb Code    48  stm32f4xx_hal.o(i.HAL_Init)
    HAL_InitTick                             0x08000bf9   Thumb Code   118  stm32f4xx_hal_timebase_tim.o(i.HAL_InitTick)
    HAL_MspInit                              0x08000c85   Thumb Code    52  stm32f4xx_hal_msp.o(i.HAL_MspInit)
    HAL_NVIC_EnableIRQ                       0x08000cbd   Thumb Code    26  stm32f4xx_hal_cortex.o(i.HAL_NVIC_EnableIRQ)
    HAL_NVIC_SetPriority                     0x08000cd9   Thumb Code    60  stm32f4xx_hal_cortex.o(i.HAL_NVIC_SetPriority)
    HAL_NVIC_SetPriorityGrouping             0x08000d19   Thumb Code    26  stm32f4xx_hal_cortex.o(i.HAL_NVIC_SetPriorityGrouping)
    HAL_RCC_ClockConfig                      0x08000d3d   Thumb Code   288  stm32f4xx_hal_rcc.o(i.HAL_RCC_ClockConfig)
    HAL_RCC_GetClockConfig                   0x08000e71   Thumb Code    54  stm32f4xx_hal_rcc.o(i.HAL_RCC_GetClockConfig)
    HAL_RCC_GetPCLK1Freq                     0x08000eb1   Thumb Code    20  stm32f4xx_hal_rcc.o(i.HAL_RCC_GetPCLK1Freq)
    HAL_RCC_GetPCLK2Freq                     0x08000ed1   Thumb Code    20  stm32f4xx_hal_rcc.o(i.HAL_RCC_GetPCLK2Freq)
    HAL_RCC_GetSysClockFreq                  0x08000ef1   Thumb Code    88  stm32f4xx_hal_rcc.o(i.HAL_RCC_GetSysClockFreq)
    HAL_RCC_OscConfig                        0x08000f55   Thumb Code   856  stm32f4xx_hal_rcc.o(i.HAL_RCC_OscConfig)
    HAL_TIMEx_BreakCallback                  0x080012c1   Thumb Code     2  stm32f4xx_hal_tim_ex.o(i.HAL_TIMEx_BreakCallback)
    HAL_TIMEx_CommutCallback                 0x080012c3   Thumb Code     2  stm32f4xx_hal_tim_ex.o(i.HAL_TIMEx_CommutCallback)
    HAL_TIM_Base_Init                        0x080012c5   Thumb Code    90  stm32f4xx_hal_tim.o(i.HAL_TIM_Base_Init)
    HAL_TIM_Base_MspInit                     0x0800131f   Thumb Code     2  stm32f4xx_hal_tim.o(i.HAL_TIM_Base_MspInit)
    HAL_TIM_Base_Start_IT                    0x08001321   Thumb Code    88  stm32f4xx_hal_tim.o(i.HAL_TIM_Base_Start_IT)
    HAL_TIM_IC_CaptureCallback               0x0800138d   Thumb Code     2  stm32f4xx_hal_tim.o(i.HAL_TIM_IC_CaptureCallback)
    HAL_TIM_IRQHandler                       0x0800138f   Thumb Code   304  stm32f4xx_hal_tim.o(i.HAL_TIM_IRQHandler)
    HAL_TIM_OC_DelayElapsedCallback          0x080014bf   Thumb Code     2  stm32f4xx_hal_tim.o(i.HAL_TIM_OC_DelayElapsedCallback)
    HAL_TIM_PWM_PulseFinishedCallback        0x080014c1   Thumb Code     2  stm32f4xx_hal_tim.o(i.HAL_TIM_PWM_PulseFinishedCallback)
    HAL_TIM_PeriodElapsedCallback            0x080014c5   Thumb Code    14  main.o(i.HAL_TIM_PeriodElapsedCallback)
    HAL_TIM_TriggerCallback                  0x080014d9   Thumb Code     2  stm32f4xx_hal_tim.o(i.HAL_TIM_TriggerCallback)
    HAL_UARTEx_ReceiveToIdle_DMA             0x080014db   Thumb Code    78  stm32f4xx_hal_uart.o(i.HAL_UARTEx_ReceiveToIdle_DMA)
    HAL_UARTEx_RxEventCallback               0x08001529   Thumb Code    36  message_task.o(i.HAL_UARTEx_RxEventCallback)
    HAL_UART_ErrorCallback                   0x08001555   Thumb Code     2  stm32f4xx_hal_uart.o(i.HAL_UART_ErrorCallback)
    HAL_UART_IRQHandler                      0x08001559   Thumb Code   618  stm32f4xx_hal_uart.o(i.HAL_UART_IRQHandler)
    HAL_UART_Init                            0x080017c9   Thumb Code   100  stm32f4xx_hal_uart.o(i.HAL_UART_Init)
    HAL_UART_MspInit                         0x0800182d   Thumb Code   406  usart.o(i.HAL_UART_MspInit)
    HAL_UART_RxCpltCallback                  0x080019e5   Thumb Code     2  stm32f4xx_hal_uart.o(i.HAL_UART_RxCpltCallback)
    HAL_UART_RxHalfCpltCallback              0x080019e7   Thumb Code     2  stm32f4xx_hal_uart.o(i.HAL_UART_RxHalfCpltCallback)
    HAL_UART_TxCpltCallback                  0x080019e9   Thumb Code     2  stm32f4xx_hal_uart.o(i.HAL_UART_TxCpltCallback)
    HardFault_Handler                        0x080019eb   Thumb Code     2  stm32f4xx_it.o(i.HardFault_Handler)
    MC6C_decode                              0x080019ed   Thumb Code    92  mc6c.o(i.MC6C_decode)
    MX_DMA_Init                              0x08001a49   Thumb Code    88  dma.o(i.MX_DMA_Init)
    MX_FREERTOS_Init                         0x08001aa5   Thumb Code    96  freertos.o(i.MX_FREERTOS_Init)
    MX_GPIO_Init                             0x08001b0d   Thumb Code   148  gpio.o(i.MX_GPIO_Init)
    MX_USART1_UART_Init                      0x08001bad   Thumb Code    48  usart.o(i.MX_USART1_UART_Init)
    MX_USART2_UART_Init                      0x08001be5   Thumb Code    54  usart.o(i.MX_USART2_UART_Init)
    MX_USART6_UART_Init                      0x08001c29   Thumb Code    48  usart.o(i.MX_USART6_UART_Init)
    MemManage_Handler                        0x08001c61   Thumb Code     2  stm32f4xx_it.o(i.MemManage_Handler)
    Message_Init                             0x08001c65   Thumb Code    10  message_task.o(i.Message_Init)
    NMI_Handler                              0x08001c79   Thumb Code     2  stm32f4xx_it.o(i.NMI_Handler)
    StartDefaultTask                         0x08001c7b   Thumb Code     8  freertos.o(i.StartDefaultTask)
    StartInsTask                             0x08001c83   Thumb Code     8  ins_task.o(i.StartInsTask)
    StartMessageTask                         0x08001c8b   Thumb Code    12  message_task.o(i.StartMessageTask)
    StartMotorTask                           0x08001c97   Thumb Code     8  motor_task.o(i.StartMotorTask)
    SysTick_Handler                          0x08001ca1   Thumb Code    38  port.o(i.SysTick_Handler)
    SystemClock_Config                       0x08001ccd   Thumb Code   136  main.o(i.SystemClock_Config)
    SystemInit                               0x08001d5d   Thumb Code    12  system_stm32f4xx.o(i.SystemInit)
    TIM1_UP_TIM10_IRQHandler                 0x08001d6d   Thumb Code     6  stm32f4xx_it.o(i.TIM1_UP_TIM10_IRQHandler)
    TIM_Base_SetConfig                       0x08001d79   Thumb Code   136  stm32f4xx_hal_tim.o(i.TIM_Base_SetConfig)
    UART_Start_Receive_DMA                   0x08002155   Thumb Code   130  stm32f4xx_hal_uart.o(i.UART_Start_Receive_DMA)
    USART1_IRQHandler                        0x080021e5   Thumb Code     6  stm32f4xx_it.o(i.USART1_IRQHandler)
    USART2_IRQHandler                        0x080021f1   Thumb Code     6  stm32f4xx_it.o(i.USART2_IRQHandler)
    USART6_IRQHandler                        0x080021fd   Thumb Code     6  stm32f4xx_it.o(i.USART6_IRQHandler)
    UsageFault_Handler                       0x08002209   Thumb Code     2  stm32f4xx_it.o(i.UsageFault_Handler)
    main                                     0x0800222b   Thumb Code    38  main.o(i.main)
    osDelay                                  0x0800225d   Thumb Code    14  cmsis_os.o(i.osDelay)
    osKernelStart                            0x0800226b   Thumb Code    10  cmsis_os.o(i.osKernelStart)
    osThreadCreate                           0x08002275   Thumb Code    84  cmsis_os.o(i.osThreadCreate)
    pvPortMalloc                             0x08002615   Thumb Code   216  heap_4.o(i.pvPortMalloc)
    pxPortInitialiseStack                    0x080026f1   Thumb Code    40  port.o(i.pxPortInitialiseStack)
    uxListRemove                             0x0800271d   Thumb Code    38  list.o(i.uxListRemove)
    vApplicationGetIdleTaskMemory            0x08002745   Thumb Code    16  freertos.o(i.vApplicationGetIdleTaskMemory)
    vListInitialise                          0x08002759   Thumb Code    22  list.o(i.vListInitialise)
    vListInitialiseItem                      0x0800276f   Thumb Code     6  list.o(i.vListInitialiseItem)
    vListInsert                              0x08002775   Thumb Code    48  list.o(i.vListInsert)
    vListInsertEnd                           0x080027a5   Thumb Code    24  list.o(i.vListInsertEnd)
    vPortEnterCritical                       0x080027bd   Thumb Code    54  port.o(i.vPortEnterCritical)
    vPortExitCritical                        0x080027fd   Thumb Code    34  port.o(i.vPortExitCritical)
    vPortFree                                0x08002825   Thumb Code    94  heap_4.o(i.vPortFree)
    vPortSetupTimerInterrupt                 0x08002889   Thumb Code    32  port.o(i.vPortSetupTimerInterrupt)
    vTaskDelay                               0x080028ad   Thumb Code    66  tasks.o(i.vTaskDelay)
    vTaskStartScheduler                      0x080028f9   Thumb Code    90  tasks.o(i.vTaskStartScheduler)
    vTaskSuspendAll                          0x08002965   Thumb Code    10  tasks.o(i.vTaskSuspendAll)
    vTaskSwitchContext                       0x08002975   Thumb Code    82  tasks.o(i.vTaskSwitchContext)
    xPortStartScheduler                      0x080029d1   Thumb Code   222  port.o(i.xPortStartScheduler)
    xTaskCreate                              0x08002ac5   Thumb Code    90  tasks.o(i.xTaskCreate)
    xTaskCreateStatic                        0x08002b1f   Thumb Code    86  tasks.o(i.xTaskCreateStatic)
    xTaskIncrementTick                       0x08002b75   Thumb Code   194  tasks.o(i.xTaskIncrementTick)
    xTaskResumeAll                           0x08002c41   Thumb Code   182  tasks.o(i.xTaskResumeAll)
    _fp_init                                 0x08002d05   Thumb Code    10  fpinit.o(x$fpl$fpinit)
    __fplib_config_fpu_vfp                   0x08002d0d   Thumb Code     0  fpinit.o(x$fpl$fpinit)
    __fplib_config_pureend_doubles           0x08002d0d   Thumb Code     0  fpinit.o(x$fpl$fpinit)
    AHBPrescTable                            0x08002d88   Data          16  system_stm32f4xx.o(.constdata)
    APBPrescTable                            0x08002d98   Data           8  system_stm32f4xx.o(.constdata)
    Region$$Table$$Base                      0x08002dc0   Number         0  anon$$obj.o(Region$$Table)
    Region$$Table$$Limit                     0x08002de0   Number         0  anon$$obj.o(Region$$Table)
    MessageTaskHandle                        0x20000000   Data           4  freertos.o(.data)
    InsTaskHandle                            0x20000004   Data           4  freertos.o(.data)
    MotorTaskHandle                          0x20000008   Data           4  freertos.o(.data)
    defaultTaskHandle                        0x2000000c   Data           4  freertos.o(.data)
    uwTickFreq                               0x20000010   Data           1  stm32f4xx_hal.o(.data)
    uwTickPrio                               0x20000014   Data           4  stm32f4xx_hal.o(.data)
    uwTick                                   0x20000018   Data           4  stm32f4xx_hal.o(.data)
    SystemCoreClock                          0x2000001c   Data           4  system_stm32f4xx.o(.data)
    pxCurrentTCB                             0x20000020   Data           4  tasks.o(.data)
    huart1                                   0x200002dc   Data          72  usart.o(.bss)
    huart2                                   0x20000324   Data          72  usart.o(.bss)
    huart6                                   0x2000036c   Data          72  usart.o(.bss)
    hdma_usart1_rx                           0x200003b4   Data          96  usart.o(.bss)
    hdma_usart2_rx                           0x20000414   Data          96  usart.o(.bss)
    hdma_usart6_rx                           0x20000474   Data          96  usart.o(.bss)
    htim1                                    0x200004d4   Data          72  stm32f4xx_hal_timebase_tim.o(.bss)
    uart2_rx_buf                             0x2000420c   Data          30  message_task.o(.bss)
    mc6c_data_pack                           0x2000422a   Data          12  message_task.o(.bss)
    __libspace_start                         0x20004238   Data          96  libspace.o(.bss)
    __temporary_stack_top$libspace           0x20004298   Data           0  libspace.o(.bss)



==============================================================================

Memory Map of the image

  Image Entry point : 0x08000199

  Load Region LR_IROM1 (Base: 0x08000000, Size: 0x00002e68, Max: 0x00080000, ABSOLUTE)

    Execution Region ER_IROM1 (Exec base: 0x08000000, Load base: 0x08000000, Size: 0x00002de0, Max: 0x00080000, ABSOLUTE)

    Exec Addr    Load Addr    Size         Type   Attr      Idx    E Section Name        Object

    0x08000000   0x08000000   0x00000198   Data   RO            3    RESET               startup_stm32f411xe.o
    0x08000198   0x08000198   0x00000008   Code   RO         4522  * !!!main             c_w.l(__main.o)
    0x080001a0   0x080001a0   0x00000034   Code   RO         4693    !!!scatter          c_w.l(__scatter.o)
    0x080001d4   0x080001d4   0x0000001a   Code   RO         4695    !!handler_copy      c_w.l(__scatter_copy.o)
    0x080001ee   0x080001ee   0x00000002   PAD
    0x080001f0   0x080001f0   0x0000001c   Code   RO         4697    !!handler_zi        c_w.l(__scatter_zi.o)
    0x0800020c   0x0800020c   0x00000002   Code   RO         4561    .ARM.Collect$$libinit$$00000000  c_w.l(libinit.o)
    0x0800020e   0x0800020e   0x00000004   Code   RO         4573    .ARM.Collect$$libinit$$00000001  c_w.l(libinit2.o)
    0x08000212   0x08000212   0x00000000   Code   RO         4576    .ARM.Collect$$libinit$$00000004  c_w.l(libinit2.o)
    0x08000212   0x08000212   0x00000000   Code   RO         4579    .ARM.Collect$$libinit$$0000000A  c_w.l(libinit2.o)
    0x08000212   0x08000212   0x00000000   Code   RO         4581    .ARM.Collect$$libinit$$0000000C  c_w.l(libinit2.o)
    0x08000212   0x08000212   0x00000000   Code   RO         4583    .ARM.Collect$$libinit$$0000000E  c_w.l(libinit2.o)
    0x08000212   0x08000212   0x00000000   Code   RO         4586    .ARM.Collect$$libinit$$00000011  c_w.l(libinit2.o)
    0x08000212   0x08000212   0x00000000   Code   RO         4588    .ARM.Collect$$libinit$$00000013  c_w.l(libinit2.o)
    0x08000212   0x08000212   0x00000000   Code   RO         4590    .ARM.Collect$$libinit$$00000015  c_w.l(libinit2.o)
    0x08000212   0x08000212   0x00000000   Code   RO         4592    .ARM.Collect$$libinit$$00000017  c_w.l(libinit2.o)
    0x08000212   0x08000212   0x00000000   Code   RO         4594    .ARM.Collect$$libinit$$00000019  c_w.l(libinit2.o)
    0x08000212   0x08000212   0x00000000   Code   RO         4596    .ARM.Collect$$libinit$$0000001B  c_w.l(libinit2.o)
    0x08000212   0x08000212   0x00000000   Code   RO         4598    .ARM.Collect$$libinit$$0000001D  c_w.l(libinit2.o)
    0x08000212   0x08000212   0x00000000   Code   RO         4600    .ARM.Collect$$libinit$$0000001F  c_w.l(libinit2.o)
    0x08000212   0x08000212   0x00000000   Code   RO         4602    .ARM.Collect$$libinit$$00000021  c_w.l(libinit2.o)
    0x08000212   0x08000212   0x00000000   Code   RO         4604    .ARM.Collect$$libinit$$00000023  c_w.l(libinit2.o)
    0x08000212   0x08000212   0x00000000   Code   RO         4606    .ARM.Collect$$libinit$$00000025  c_w.l(libinit2.o)
    0x08000212   0x08000212   0x00000000   Code   RO         4610    .ARM.Collect$$libinit$$0000002C  c_w.l(libinit2.o)
    0x08000212   0x08000212   0x00000000   Code   RO         4612    .ARM.Collect$$libinit$$0000002E  c_w.l(libinit2.o)
    0x08000212   0x08000212   0x00000000   Code   RO         4614    .ARM.Collect$$libinit$$00000030  c_w.l(libinit2.o)
    0x08000212   0x08000212   0x00000000   Code   RO         4616    .ARM.Collect$$libinit$$00000032  c_w.l(libinit2.o)
    0x08000212   0x08000212   0x00000002   Code   RO         4617    .ARM.Collect$$libinit$$00000033  c_w.l(libinit2.o)
    0x08000214   0x08000214   0x00000002   Code   RO         4648    .ARM.Collect$$libshutdown$$00000000  c_w.l(libshutdown.o)
    0x08000216   0x08000216   0x00000000   Code   RO         4674    .ARM.Collect$$libshutdown$$00000002  c_w.l(libshutdown2.o)
    0x08000216   0x08000216   0x00000000   Code   RO         4676    .ARM.Collect$$libshutdown$$00000004  c_w.l(libshutdown2.o)
    0x08000216   0x08000216   0x00000000   Code   RO         4678    .ARM.Collect$$libshutdown$$00000006  c_w.l(libshutdown2.o)
    0x08000216   0x08000216   0x00000000   Code   RO         4681    .ARM.Collect$$libshutdown$$00000009  c_w.l(libshutdown2.o)
    0x08000216   0x08000216   0x00000000   Code   RO         4684    .ARM.Collect$$libshutdown$$0000000C  c_w.l(libshutdown2.o)
    0x08000216   0x08000216   0x00000000   Code   RO         4686    .ARM.Collect$$libshutdown$$0000000E  c_w.l(libshutdown2.o)
    0x08000216   0x08000216   0x00000000   Code   RO         4689    .ARM.Collect$$libshutdown$$00000011  c_w.l(libshutdown2.o)
    0x08000216   0x08000216   0x00000002   Code   RO         4690    .ARM.Collect$$libshutdown$$00000012  c_w.l(libshutdown2.o)
    0x08000218   0x08000218   0x00000000   Code   RO         4524    .ARM.Collect$$rtentry$$00000000  c_w.l(__rtentry.o)
    0x08000218   0x08000218   0x00000000   Code   RO         4532    .ARM.Collect$$rtentry$$00000002  c_w.l(__rtentry2.o)
    0x08000218   0x08000218   0x00000006   Code   RO         4544    .ARM.Collect$$rtentry$$00000004  c_w.l(__rtentry4.o)
    0x0800021e   0x0800021e   0x00000000   Code   RO         4534    .ARM.Collect$$rtentry$$00000009  c_w.l(__rtentry2.o)
    0x0800021e   0x0800021e   0x00000004   Code   RO         4535    .ARM.Collect$$rtentry$$0000000A  c_w.l(__rtentry2.o)
    0x08000222   0x08000222   0x00000000   Code   RO         4537    .ARM.Collect$$rtentry$$0000000C  c_w.l(__rtentry2.o)
    0x08000222   0x08000222   0x00000008   Code   RO         4538    .ARM.Collect$$rtentry$$0000000D  c_w.l(__rtentry2.o)
    0x0800022a   0x0800022a   0x00000002   Code   RO         4565    .ARM.Collect$$rtexit$$00000000  c_w.l(rtexit.o)
    0x0800022c   0x0800022c   0x00000000   Code   RO         4621    .ARM.Collect$$rtexit$$00000002  c_w.l(rtexit2.o)
    0x0800022c   0x0800022c   0x00000004   Code   RO         4622    .ARM.Collect$$rtexit$$00000003  c_w.l(rtexit2.o)
    0x08000230   0x08000230   0x00000006   Code   RO         4623    .ARM.Collect$$rtexit$$00000004  c_w.l(rtexit2.o)
    0x08000236   0x08000236   0x00000002   PAD
    0x08000238   0x08000238   0x000000be   Code   RO         4326    .emb_text           port.o
    0x080002f6   0x080002f6   0x00000002   PAD
    0x080002f8   0x080002f8   0x00000040   Code   RO            4    .text               startup_stm32f411xe.o
    0x08000338   0x08000338   0x000000ee   Code   RO         4510    .text               c_w.l(lludivv7m.o)
    0x08000426   0x08000426   0x00000064   Code   RO         4514    .text               c_w.l(rt_memcpy_w.o)
    0x0800048a   0x0800048a   0x0000004e   Code   RO         4518    .text               c_w.l(rt_memclr_w.o)
    0x080004d8   0x080004d8   0x00000006   Code   RO         4520    .text               c_w.l(heapauxi.o)
    0x080004de   0x080004de   0x0000004a   Code   RO         4548    .text               c_w.l(sys_stackheap_outer.o)
    0x08000528   0x08000528   0x00000012   Code   RO         4550    .text               c_w.l(exit.o)
    0x0800053a   0x0800053a   0x00000002   PAD
    0x0800053c   0x0800053c   0x00000008   Code   RO         4562    .text               c_w.l(libspace.o)
    0x08000544   0x08000544   0x0000000c   Code   RO         4618    .text               c_w.l(sys_exit.o)
    0x08000550   0x08000550   0x00000002   Code   RO         4637    .text               c_w.l(use_no_semi.o)
    0x08000552   0x08000552   0x00000000   Code   RO         4639    .text               c_w.l(indicate_semi.o)
    0x08000552   0x08000552   0x00000002   Code   RO          356    i.BusFault_Handler  stm32f4xx_it.o
    0x08000554   0x08000554   0x0000000c   Code   RO          357    i.DMA1_Stream5_IRQHandler  stm32f4xx_it.o
    0x08000560   0x08000560   0x0000000c   Code   RO          358    i.DMA2_Stream1_IRQHandler  stm32f4xx_it.o
    0x0800056c   0x0800056c   0x0000000c   Code   RO          359    i.DMA2_Stream2_IRQHandler  stm32f4xx_it.o
    0x08000578   0x08000578   0x00000028   Code   RO         1032    i.DMA_CalcBaseAndBitshift  stm32f4xx_hal_dma.o
    0x080005a0   0x080005a0   0x00000054   Code   RO         1033    i.DMA_CheckFifoParam  stm32f4xx_hal_dma.o
    0x080005f4   0x080005f4   0x00000028   Code   RO         1034    i.DMA_SetConfig     stm32f4xx_hal_dma.o
    0x0800061c   0x0800061c   0x00000002   Code   RO          360    i.DebugMon_Handler  stm32f4xx_it.o
    0x0800061e   0x0800061e   0x00000004   Code   RO           13    i.Error_Handler     main.o
    0x08000622   0x08000622   0x00000092   Code   RO         1035    i.HAL_DMA_Abort     stm32f4xx_hal_dma.o
    0x080006b4   0x080006b4   0x00000024   Code   RO         1036    i.HAL_DMA_Abort_IT  stm32f4xx_hal_dma.o
    0x080006d8   0x080006d8   0x000001a0   Code   RO         1040    i.HAL_DMA_IRQHandler  stm32f4xx_hal_dma.o
    0x08000878   0x08000878   0x000000d4   Code   RO         1041    i.HAL_DMA_Init      stm32f4xx_hal_dma.o
    0x0800094c   0x0800094c   0x0000006e   Code   RO         1045    i.HAL_DMA_Start_IT  stm32f4xx_hal_dma.o
    0x080009ba   0x080009ba   0x00000002   PAD
    0x080009bc   0x080009bc   0x000001e0   Code   RO          928    i.HAL_GPIO_Init     stm32f4xx_hal_gpio.o
    0x08000b9c   0x08000b9c   0x0000000a   Code   RO          932    i.HAL_GPIO_WritePin  stm32f4xx_hal_gpio.o
    0x08000ba6   0x08000ba6   0x00000002   PAD
    0x08000ba8   0x08000ba8   0x0000000c   Code   RO         1490    i.HAL_GetTick       stm32f4xx_hal.o
    0x08000bb4   0x08000bb4   0x00000010   Code   RO         1496    i.HAL_IncTick       stm32f4xx_hal.o
    0x08000bc4   0x08000bc4   0x00000034   Code   RO         1497    i.HAL_Init          stm32f4xx_hal.o
    0x08000bf8   0x08000bf8   0x0000008c   Code   RO          480    i.HAL_InitTick      stm32f4xx_hal_timebase_tim.o
    0x08000c84   0x08000c84   0x00000038   Code   RO          456    i.HAL_MspInit       stm32f4xx_hal_msp.o
    0x08000cbc   0x08000cbc   0x0000001a   Code   RO         1342    i.HAL_NVIC_EnableIRQ  stm32f4xx_hal_cortex.o
    0x08000cd6   0x08000cd6   0x00000002   PAD
    0x08000cd8   0x08000cd8   0x00000040   Code   RO         1348    i.HAL_NVIC_SetPriority  stm32f4xx_hal_cortex.o
    0x08000d18   0x08000d18   0x00000024   Code   RO         1349    i.HAL_NVIC_SetPriorityGrouping  stm32f4xx_hal_cortex.o
    0x08000d3c   0x08000d3c   0x00000134   Code   RO          520    i.HAL_RCC_ClockConfig  stm32f4xx_hal_rcc.o
    0x08000e70   0x08000e70   0x00000040   Code   RO          524    i.HAL_RCC_GetClockConfig  stm32f4xx_hal_rcc.o
    0x08000eb0   0x08000eb0   0x00000020   Code   RO          527    i.HAL_RCC_GetPCLK1Freq  stm32f4xx_hal_rcc.o
    0x08000ed0   0x08000ed0   0x00000020   Code   RO          528    i.HAL_RCC_GetPCLK2Freq  stm32f4xx_hal_rcc.o
    0x08000ef0   0x08000ef0   0x00000064   Code   RO          529    i.HAL_RCC_GetSysClockFreq  stm32f4xx_hal_rcc.o
    0x08000f54   0x08000f54   0x0000036c   Code   RO          532    i.HAL_RCC_OscConfig  stm32f4xx_hal_rcc.o
    0x080012c0   0x080012c0   0x00000002   Code   RO         2441    i.HAL_TIMEx_BreakCallback  stm32f4xx_hal_tim_ex.o
    0x080012c2   0x080012c2   0x00000002   Code   RO         2442    i.HAL_TIMEx_CommutCallback  stm32f4xx_hal_tim_ex.o
    0x080012c4   0x080012c4   0x0000005a   Code   RO         1737    i.HAL_TIM_Base_Init  stm32f4xx_hal_tim.o
    0x0800131e   0x0800131e   0x00000002   Code   RO         1739    i.HAL_TIM_Base_MspInit  stm32f4xx_hal_tim.o
    0x08001320   0x08001320   0x0000006c   Code   RO         1742    i.HAL_TIM_Base_Start_IT  stm32f4xx_hal_tim.o
    0x0800138c   0x0800138c   0x00000002   Code   RO         1771    i.HAL_TIM_IC_CaptureCallback  stm32f4xx_hal_tim.o
    0x0800138e   0x0800138e   0x00000130   Code   RO         1785    i.HAL_TIM_IRQHandler  stm32f4xx_hal_tim.o
    0x080014be   0x080014be   0x00000002   Code   RO         1788    i.HAL_TIM_OC_DelayElapsedCallback  stm32f4xx_hal_tim.o
    0x080014c0   0x080014c0   0x00000002   Code   RO         1815    i.HAL_TIM_PWM_PulseFinishedCallback  stm32f4xx_hal_tim.o
    0x080014c2   0x080014c2   0x00000002   PAD
    0x080014c4   0x080014c4   0x00000014   Code   RO           14    i.HAL_TIM_PeriodElapsedCallback  main.o
    0x080014d8   0x080014d8   0x00000002   Code   RO         1828    i.HAL_TIM_TriggerCallback  stm32f4xx_hal_tim.o
    0x080014da   0x080014da   0x0000004e   Code   RO         2718    i.HAL_UARTEx_ReceiveToIdle_DMA  stm32f4xx_hal_uart.o
    0x08001528   0x08001528   0x0000002c   Code   RO         4445    i.HAL_UARTEx_RxEventCallback  message_task.o
    0x08001554   0x08001554   0x00000002   Code   RO         2734    i.HAL_UART_ErrorCallback  stm32f4xx_hal_uart.o
    0x08001556   0x08001556   0x00000002   PAD
    0x08001558   0x08001558   0x00000270   Code   RO         2737    i.HAL_UART_IRQHandler  stm32f4xx_hal_uart.o
    0x080017c8   0x080017c8   0x00000064   Code   RO         2738    i.HAL_UART_Init     stm32f4xx_hal_uart.o
    0x0800182c   0x0800182c   0x000001b8   Code   RO          303    i.HAL_UART_MspInit  usart.o
    0x080019e4   0x080019e4   0x00000002   Code   RO         2744    i.HAL_UART_RxCpltCallback  stm32f4xx_hal_uart.o
    0x080019e6   0x080019e6   0x00000002   Code   RO         2745    i.HAL_UART_RxHalfCpltCallback  stm32f4xx_hal_uart.o
    0x080019e8   0x080019e8   0x00000002   Code   RO         2749    i.HAL_UART_TxCpltCallback  stm32f4xx_hal_uart.o
    0x080019ea   0x080019ea   0x00000002   Code   RO          361    i.HardFault_Handler  stm32f4xx_it.o
    0x080019ec   0x080019ec   0x0000005c   Code   RO         4403    i.MC6C_decode       mc6c.o
    0x08001a48   0x08001a48   0x0000005c   Code   RO          278    i.MX_DMA_Init       dma.o
    0x08001aa4   0x08001aa4   0x00000068   Code   RO          228    i.MX_FREERTOS_Init  freertos.o
    0x08001b0c   0x08001b0c   0x000000a0   Code   RO          204    i.MX_GPIO_Init      gpio.o
    0x08001bac   0x08001bac   0x00000038   Code   RO          304    i.MX_USART1_UART_Init  usart.o
    0x08001be4   0x08001be4   0x00000044   Code   RO          305    i.MX_USART2_UART_Init  usart.o
    0x08001c28   0x08001c28   0x00000038   Code   RO          306    i.MX_USART6_UART_Init  usart.o
    0x08001c60   0x08001c60   0x00000002   Code   RO          362    i.MemManage_Handler  stm32f4xx_it.o
    0x08001c62   0x08001c62   0x00000002   PAD
    0x08001c64   0x08001c64   0x00000014   Code   RO         4446    i.Message_Init      message_task.o
    0x08001c78   0x08001c78   0x00000002   Code   RO          363    i.NMI_Handler       stm32f4xx_it.o
    0x08001c7a   0x08001c7a   0x00000008   Code   RO          229    i.StartDefaultTask  freertos.o
    0x08001c82   0x08001c82   0x00000008   Code   RO         4421    i.StartInsTask      ins_task.o
    0x08001c8a   0x08001c8a   0x0000000c   Code   RO         4447    i.StartMessageTask  message_task.o
    0x08001c96   0x08001c96   0x00000008   Code   RO         4487    i.StartMotorTask    motor_task.o
    0x08001c9e   0x08001c9e   0x00000002   PAD
    0x08001ca0   0x08001ca0   0x0000002c   Code   RO         4327    i.SysTick_Handler   port.o
    0x08001ccc   0x08001ccc   0x00000090   Code   RO           15    i.SystemClock_Config  main.o
    0x08001d5c   0x08001d5c   0x00000010   Code   RO         3072    i.SystemInit        system_stm32f4xx.o
    0x08001d6c   0x08001d6c   0x0000000c   Code   RO          364    i.TIM1_UP_TIM10_IRQHandler  stm32f4xx_it.o
    0x08001d78   0x08001d78   0x000000a4   Code   RO         1830    i.TIM_Base_SetConfig  stm32f4xx_hal_tim.o
    0x08001e1c   0x08001e1c   0x00000010   Code   RO         2751    i.UART_DMAAbortOnError  stm32f4xx_hal_uart.o
    0x08001e2c   0x08001e2c   0x0000004a   Code   RO         2752    i.UART_DMAError     stm32f4xx_hal_uart.o
    0x08001e76   0x08001e76   0x00000086   Code   RO         2753    i.UART_DMAReceiveCplt  stm32f4xx_hal_uart.o
    0x08001efc   0x08001efc   0x0000001e   Code   RO         2755    i.UART_DMARxHalfCplt  stm32f4xx_hal_uart.o
    0x08001f1a   0x08001f1a   0x0000004e   Code   RO         2761    i.UART_EndRxTransfer  stm32f4xx_hal_uart.o
    0x08001f68   0x08001f68   0x0000001c   Code   RO         2762    i.UART_EndTxTransfer  stm32f4xx_hal_uart.o
    0x08001f84   0x08001f84   0x000000c2   Code   RO         2763    i.UART_Receive_IT   stm32f4xx_hal_uart.o
    0x08002046   0x08002046   0x00000002   PAD
    0x08002048   0x08002048   0x0000010c   Code   RO         2764    i.UART_SetConfig    stm32f4xx_hal_uart.o
    0x08002154   0x08002154   0x00000090   Code   RO         2765    i.UART_Start_Receive_DMA  stm32f4xx_hal_uart.o
    0x080021e4   0x080021e4   0x0000000c   Code   RO          365    i.USART1_IRQHandler  stm32f4xx_it.o
    0x080021f0   0x080021f0   0x0000000c   Code   RO          366    i.USART2_IRQHandler  stm32f4xx_it.o
    0x080021fc   0x080021fc   0x0000000c   Code   RO          367    i.USART6_IRQHandler  stm32f4xx_it.o
    0x08002208   0x08002208   0x00000002   Code   RO          368    i.UsageFault_Handler  stm32f4xx_it.o
    0x0800220a   0x0800220a   0x00000020   Code   RO         1355    i.__NVIC_SetPriority  stm32f4xx_hal_cortex.o
    0x0800222a   0x0800222a   0x00000026   Code   RO           16    i.main              main.o
    0x08002250   0x08002250   0x0000000c   Code   RO         3892    i.makeFreeRtosPriority  cmsis_os.o
    0x0800225c   0x0800225c   0x0000000e   Code   RO         3894    i.osDelay           cmsis_os.o
    0x0800226a   0x0800226a   0x0000000a   Code   RO         3897    i.osKernelStart     cmsis_os.o
    0x08002274   0x08002274   0x00000054   Code   RO         3931    i.osThreadCreate    cmsis_os.o
    0x080022c8   0x080022c8   0x00000070   Code   RO         3574    i.prvAddCurrentTaskToDelayedList  tasks.o
    0x08002338   0x08002338   0x000000d0   Code   RO         3575    i.prvAddNewTaskToReadyList  tasks.o
    0x08002408   0x08002408   0x00000034   Code   RO         3576    i.prvDeleteTCB      tasks.o
    0x0800243c   0x0800243c   0x0000004c   Code   RO         4259    i.prvHeapInit       heap_4.o
    0x08002488   0x08002488   0x00000060   Code   RO         3577    i.prvIdleTask       tasks.o
    0x080024e8   0x080024e8   0x00000098   Code   RO         3578    i.prvInitialiseNewTask  tasks.o
    0x08002580   0x08002580   0x0000004c   Code   RO         4260    i.prvInsertBlockIntoFreeList  heap_4.o
    0x080025cc   0x080025cc   0x00000020   Code   RO         3579    i.prvResetNextTaskUnblockTime  tasks.o
    0x080025ec   0x080025ec   0x00000028   Code   RO         4328    i.prvTaskExitError  port.o
    0x08002614   0x08002614   0x000000dc   Code   RO         4261    i.pvPortMalloc      heap_4.o
    0x080026f0   0x080026f0   0x0000002c   Code   RO         4329    i.pxPortInitialiseStack  port.o
    0x0800271c   0x0800271c   0x00000026   Code   RO         3210    i.uxListRemove      list.o
    0x08002742   0x08002742   0x00000002   PAD
    0x08002744   0x08002744   0x00000014   Code   RO          230    i.vApplicationGetIdleTaskMemory  freertos.o
    0x08002758   0x08002758   0x00000016   Code   RO         3211    i.vListInitialise   list.o
    0x0800276e   0x0800276e   0x00000006   Code   RO         3212    i.vListInitialiseItem  list.o
    0x08002774   0x08002774   0x00000030   Code   RO         3213    i.vListInsert       list.o
    0x080027a4   0x080027a4   0x00000018   Code   RO         3214    i.vListInsertEnd    list.o
    0x080027bc   0x080027bc   0x00000040   Code   RO         4331    i.vPortEnterCritical  port.o
    0x080027fc   0x080027fc   0x00000028   Code   RO         4332    i.vPortExitCritical  port.o
    0x08002824   0x08002824   0x00000064   Code   RO         4262    i.vPortFree         heap_4.o
    0x08002888   0x08002888   0x00000024   Code   RO         4333    i.vPortSetupTimerInterrupt  port.o
    0x080028ac   0x080028ac   0x0000004c   Code   RO         3588    i.vTaskDelay        tasks.o
    0x080028f8   0x080028f8   0x0000006c   Code   RO         3601    i.vTaskStartScheduler  tasks.o
    0x08002964   0x08002964   0x00000010   Code   RO         3603    i.vTaskSuspendAll   tasks.o
    0x08002974   0x08002974   0x0000005c   Code   RO         3604    i.vTaskSwitchContext  tasks.o
    0x080029d0   0x080029d0   0x000000f4   Code   RO         4335    i.xPortStartScheduler  port.o
    0x08002ac4   0x08002ac4   0x0000005a   Code   RO         3607    i.xTaskCreate       tasks.o
    0x08002b1e   0x08002b1e   0x00000056   Code   RO         3608    i.xTaskCreateStatic  tasks.o
    0x08002b74   0x08002b74   0x000000cc   Code   RO         3615    i.xTaskIncrementTick  tasks.o
    0x08002c40   0x08002c40   0x000000c4   Code   RO         3621    i.xTaskResumeAll    tasks.o
    0x08002d04   0x08002d04   0x0000000a   Code   RO         4633    x$fpl$fpinit        fz_wm.l(fpinit.o)
    0x08002d0e   0x08002d0e   0x00000002   PAD
    0x08002d10   0x08002d10   0x00000070   Data   RO          232    .constdata          freertos.o
    0x08002d80   0x08002d80   0x00000008   Data   RO         1047    .constdata          stm32f4xx_hal_dma.o
    0x08002d88   0x08002d88   0x00000010   Data   RO         3073    .constdata          system_stm32f4xx.o
    0x08002d98   0x08002d98   0x00000008   Data   RO         3074    .constdata          system_stm32f4xx.o
    0x08002da0   0x08002da0   0x00000020   Data   RO          233    .conststring        freertos.o
    0x08002dc0   0x08002dc0   0x00000020   Data   RO         4691    Region$$Table       anon$$obj.o


    Execution Region RW_IRAM1 (Exec base: 0x20000000, Load base: 0x08002de0, Size: 0x00004898, Max: 0x00020000, ABSOLUTE)

    Exec Addr    Load Addr    Size         Type   Attr      Idx    E Section Name        Object

    0x20000000   0x08002de0   0x00000010   Data   RW          234    .data               freertos.o
    0x20000010   0x08002df0   0x0000000c   Data   RW         1504    .data               stm32f4xx_hal.o
    0x2000001c   0x08002dfc   0x00000004   Data   RW         3075    .data               system_stm32f4xx.o
    0x20000020   0x08002e00   0x0000003c   Data   RW         3624    .data               tasks.o
    0x2000005c   0x08002e3c   0x00000020   Data   RW         4268    .data               heap_4.o
    0x2000007c   0x08002e5c   0x0000000c   Data   RW         4336    .data               port.o
    0x20000088        -       0x00000254   Zero   RW          231    .bss                freertos.o
    0x200002dc        -       0x000001f8   Zero   RW          307    .bss                usart.o
    0x200004d4        -       0x00000048   Zero   RW          483    .bss                stm32f4xx_hal_timebase_tim.o
    0x2000051c        -       0x000000f0   Zero   RW         3623    .bss                tasks.o
    0x2000060c        -       0x00003c00   Zero   RW         4267    .bss                heap_4.o
    0x2000420c        -       0x0000002a   Zero   RW         4448    .bss                message_task.o
    0x20004236   0x08002e68   0x00000002   PAD
    0x20004238        -       0x00000060   Zero   RW         4563    .bss                c_w.l(libspace.o)
    0x20004298        -       0x00000200   Zero   RW            2    HEAP                startup_stm32f411xe.o
    0x20004498        -       0x00000400   Zero   RW            1    STACK               startup_stm32f411xe.o


==============================================================================

Image component sizes


      Code (inc. data)   RO Data    RW Data    ZI Data      Debug   Object Name

       120          0          0          0          0      23365   cmsis_os.o
        92          4          0          0          0        846   dma.o
         0          0          0          0          0      16916   event_groups.o
       132         12        144         16        596       2782   freertos.o
       160         12          0          0          0        987   gpio.o
       472         24          0         32      15360       7475   heap_4.o
         8          0          0          0          0        479   ins_task.o
       138          0          0          0          0       3594   list.o
       206         14          0          0          0     454544   main.o
        92          0          0          0          0       1314   mc6c.o
        76         18          0          0         42       2873   message_task.o
         8          0          0          0          0        489   motor_task.o
       702         72          0         12          0      11084   port.o
        64         26        408          0       1536        852   startup_stm32f411xe.o
        80         14          0         12          0       7998   stm32f4xx_hal.o
       158         14          0          0          0      33070   stm32f4xx_hal_cortex.o
      1084         16          8          0          0       7430   stm32f4xx_hal_dma.o
       490         34          0          0          0       2192   stm32f4xx_hal_gpio.o
        56          4          0          0          0        886   stm32f4xx_hal_msp.o
      1412         86          0          0          0       5957   stm32f4xx_hal_rcc.o
       676         48          0          0          0       7564   stm32f4xx_hal_tim.o
         4          0          0          0          0       1657   stm32f4xx_hal_tim_ex.o
       140         22          0          0         72       1451   stm32f4xx_hal_timebase_tim.o
      1776         30          0          0          0      12865   stm32f4xx_hal_uart.o
        96         42          0          0          0       6230   stm32f4xx_it.o
         0          0          0          0          0        384   stream_buffer.o
        16          4         24          4          0       1151   system_stm32f4xx.o
      1520        112          0         60        240      19634   tasks.o
       620         64          0          0        504       3457   usart.o

    ----------------------------------------------------------------------
     10418        672        616        136      18352     639526   Object Totals
         0          0         32          0          0          0   (incl. Generated)
        20          0          0          0          2          0   (incl. Padding)

    ----------------------------------------------------------------------

      Code (inc. data)   RO Data    RW Data    ZI Data      Debug   Library Member Name

         8          0          0          0          0         68   __main.o
         0          0          0          0          0          0   __rtentry.o
        12          0          0          0          0          0   __rtentry2.o
         6          0          0          0          0          0   __rtentry4.o
        52          8          0          0          0          0   __scatter.o
        26          0          0          0          0          0   __scatter_copy.o
        28          0          0          0          0          0   __scatter_zi.o
        18          0          0          0          0         80   exit.o
         6          0          0          0          0        152   heapauxi.o
         0          0          0          0          0          0   indicate_semi.o
         2          0          0          0          0          0   libinit.o
         6          0          0          0          0          0   libinit2.o
         2          0          0          0          0          0   libshutdown.o
         2          0          0          0          0          0   libshutdown2.o
         8          4          0          0         96         68   libspace.o
       238          0          0          0          0        100   lludivv7m.o
        78          0          0          0          0         80   rt_memclr_w.o
       100          0          0          0          0         80   rt_memcpy_w.o
         2          0          0          0          0          0   rtexit.o
        10          0          0          0          0          0   rtexit2.o
        12          4          0          0          0         68   sys_exit.o
        74          0          0          0          0         80   sys_stackheap_outer.o
         2          0          0          0          0         68   use_no_semi.o
        10          0          0          0          0        116   fpinit.o

    ----------------------------------------------------------------------
       710         16          0          0         96        960   Library Totals
         8          0          0          0          0          0   (incl. Padding)

    ----------------------------------------------------------------------

      Code (inc. data)   RO Data    RW Data    ZI Data      Debug   Library Name

       692         16          0          0         96        844   c_w.l
        10          0          0          0          0        116   fz_wm.l

    ----------------------------------------------------------------------
       710         16          0          0         96        960   Library Totals

    ----------------------------------------------------------------------

==============================================================================


      Code (inc. data)   RO Data    RW Data    ZI Data      Debug   

     11128        688        616        136      18448     628774   Grand Totals
     11128        688        616        136      18448     628774   ELF Image Totals
     11128        688        616        136          0          0   ROM Totals

==============================================================================

    Total RO  Size (Code + RO Data)                11744 (  11.47kB)
    Total RW  Size (RW Data + ZI Data)             18584 (  18.15kB)
    Total ROM Size (Code + RO Data + RW Data)      11880 (  11.60kB)

==============================================================================

